[    0.000000] Linux version 6.18.18-1-MANJARO (linux618@manjaro) (gcc (GCC) 15.2.1 20260209, GNU ld (GNU Binutils) 2.46) #1 SMP PREEMPT_DYNAMIC Fri, 13 Mar 2026 18:47:36 +0000
[    0.000000] Command line: BOOT_IMAGE=/boot/vmlinuz-6.18-x86_64 root=UUID=0c7e5d80-1f7d-4a21-960e-18abb6ccc3a4 rw quiet apparmor=1 security=apparmor resume=UUID=78d180fd-5b45-4aef-9304-ac4e6368bb18 udev.log_priority=3 acpi_backlight=native
[    0.000000] BIOS-provided physical RAM map:
[    0.000000] BIOS-e820: [mem 0x0000000000000000-0x000000000009ffff] usable
[    0.000000] BIOS-e820: [mem 0x00000000000a0000-0x00000000000fffff] reserved
[    0.000000] BIOS-e820: [mem 0x0000000000100000-0x0000000009bfefff] usable
[    0.000000] BIOS-e820: [mem 0x0000000009bff000-0x0000000009ffffff] reserved
[    0.000000] BIOS-e820: [mem 0x000000000a000000-0x000000000a1fffff] usable
[    0.000000] BIOS-e820: [mem 0x000000000a200000-0x000000000a20cfff] ACPI NVS
[    0.000000] BIOS-e820: [mem 0x000000000a20d000-0x000000009b58afff] usable
[    0.000000] BIOS-e820: [mem 0x000000009b58b000-0x000000009b58bfff] reserved
[    0.000000] BIOS-e820: [mem 0x000000009b58c000-0x000000009b5edfff] usable
[    0.000000] BIOS-e820: [mem 0x000000009b5ee000-0x000000009b5eefff] reserved
[    0.000000] BIOS-e820: [mem 0x000000009b5ef000-0x00000000ab4d2fff] usable
[    0.000000] BIOS-e820: [mem 0x00000000ab4d3000-0x00000000ac9ecfff] reserved
[    0.000000] BIOS-e820: [mem 0x00000000ac9ed000-0x00000000aca3dfff] ACPI data
[    0.000000] BIOS-e820: [mem 0x00000000aca3e000-0x00000000acbeefff] ACPI NVS
[    0.000000] BIOS-e820: [mem 0x00000000acbef000-0x00000000ad55bfff] reserved
[    0.000000] BIOS-e820: [mem 0x00000000ad55c000-0x00000000ad5fefff] type 20
[    0.000000] BIOS-e820: [mem 0x00000000ad5ff000-0x00000000adffffff] usable
[    0.000000] BIOS-e820: [mem 0x00000000ae000000-0x00000000afffffff] reserved
[    0.000000] BIOS-e820: [mem 0x00000000f0000000-0x00000000f7ffffff] reserved
[    0.000000] BIOS-e820: [mem 0x00000000fd000000-0x00000000ffffffff] reserved
[    0.000000] BIOS-e820: [mem 0x0000000100000000-0x000000042f33ffff] usable
[    0.000000] BIOS-e820: [mem 0x000000042f340000-0x00000004701fffff] reserved
[    0.000000] NX (Execute Disable) protection: active
[    0.000000] APIC: Static calls initialized
[    0.000000] efi: EFI v2.7 by American Megatrends
[    0.000000] efi: ACPI=0xaca3d000 ACPI 2.0=0xaca3d014 TPMFinalLog=0xacba9000 SMBIOS=0xad402000 SMBIOS 3.0=0xad401000 MEMATTR=0xa774e018 ESRT=0xa77cc918 
[    0.000000] efi: Remove mem255: MMIO range=[0xf0000000-0xf7ffffff] (128MB) from e820 map
[    0.000000] e820: remove [mem 0xf0000000-0xf7ffffff] reserved
[    0.000000] efi: Remove mem256: MMIO range=[0xfd000000-0xfedfffff] (30MB) from e820 map
[    0.000000] e820: remove [mem 0xfd000000-0xfedfffff] reserved
[    0.000000] efi: Not removing mem257: MMIO range=[0xfee00000-0xfee00fff] (4KB) from e820 map
[    0.000000] efi: Remove mem258: MMIO range=[0xfee01000-0xffffffff] (17MB) from e820 map
[    0.000000] e820: remove [mem 0xfee01000-0xffffffff] reserved
[    0.000000] efi: Remove mem260: MMIO range=[0x450000000-0x4701fffff] (514MB) from e820 map
[    0.000000] e820: remove [mem 0x450000000-0x4701fffff] reserved
[    0.000000] SMBIOS 3.2.0 present.
[    0.000000] DMI: ASUSTeK COMPUTER INC. ASUS TUF Gaming A17 FA706IU_FA706IU/FA706IU, BIOS FA706IU.316 03/12/2021
[    0.000000] DMI: Memory slots populated: 2/2
[    0.000000] tsc: Fast TSC calibration using PIT
[    0.000000] tsc: Detected 2894.476 MHz processor
[    0.000186] e820: update [mem 0x00000000-0x00000fff] usable ==> reserved
[    0.000188] e820: remove [mem 0x000a0000-0x000fffff] usable
[    0.000195] last_pfn = 0x42f340 max_arch_pfn = 0x400000000
[    0.000201] MTRR map: 5 entries (3 fixed + 2 variable; max 20), built from 9 variable MTRRs
[    0.000203] x86/PAT: Configuration [0-7]: WB  WC  UC- UC  WB  WP  UC- WT  
[    0.000376] e820: update [mem 0xb0000000-0xffffffff] usable ==> reserved
[    0.000383] last_pfn = 0xae000 max_arch_pfn = 0x400000000
[    0.004309] esrt: Reserving ESRT space from 0x00000000a77cc918 to 0x00000000a77cc950.
[    0.004320] e820: update [mem 0xa77cc000-0xa77ccfff] usable ==> reserved
[    0.004348] Using GB pages for direct mapping
[    0.005038] Secure boot disabled
[    0.005039] RAMDISK: [mem 0x26407000-0x2f1fafff]
[    0.005291] ACPI: Early table checksum verification disabled
[    0.005293] ACPI: RSDP 0x00000000ACA3D014 000024 (v02 _ASUS_)
[    0.005297] ACPI: XSDT 0x00000000ACA3C728 0000E4 (v01 _ASUS_ Notebook 01072009 AMI  01000013)
[    0.005301] ACPI: FACP 0x00000000ACA31000 000114 (v06 _ASUS_ Notebook 01072009 AMI  00010013)
[    0.005305] ACPI: DSDT 0x00000000ACA26000 00A0F8 (v02 _ASUS_ Notebook 01072009 INTL 20120913)
[    0.005307] ACPI: FACS 0x00000000ACBA7000 000040
[    0.005309] ACPI: MSDM 0x00000000ACA3B000 000055 (v03 _ASUS_ Notebook 01072009 ASUS 00000001)
[    0.005311] ACPI: SSDT 0x00000000ACA33000 007216 (v02 AMD    AmdTable 00000002 MSFT 04000000)
[    0.005313] ACPI: IVRS 0x00000000ACA32000 0001A4 (v02 AMD    AmdTable 00000001 AMD  00000000)
[    0.005315] ACPI: FIDT 0x00000000ACA25000 00009C (v01 _ASUS_ Notebook 01072009 AMI  00010013)
[    0.005317] ACPI: MCFG 0x00000000ACA24000 00003C (v01 _ASUS_ Notebook 01072009 MSFT 00010013)
[    0.005319] ACPI: HPET 0x00000000ACA23000 000038 (v01 _ASUS_ Notebook 01072009 AMI  00000005)
[    0.005321] ACPI: VFCT 0x00000000ACA15000 00D484 (v01 _ASUS_ Notebook 00000001 AMD  31504F47)
[    0.005323] ACPI: BGRT 0x00000000ACA14000 000038 (v01 _ASUS_ Notebook 01072009 AMI  00010013)
[    0.005325] ACPI: TPM2 0x00000000ACA13000 00004C (v04 _ASUS_ Notebook 00000001 AMI  00000000)
[    0.005327] ACPI: SSDT 0x00000000ACA0F000 0039F4 (v01 AMD    AmdTable 00000001 AMD  00000001)
[    0.005329] ACPI: CRAT 0x00000000ACA0E000 000F28 (v01 AMD    AmdTable 00000001 AMD  00000001)
[    0.005331] ACPI: CDIT 0x00000000ACA0D000 000029 (v01 AMD    AmdTable 00000001 AMD  00000001)
[    0.005333] ACPI: SSDT 0x00000000ACA0C000 0000B9 (v01 AMD    AmdTable 00000001 INTL 20120913)
[    0.005335] ACPI: SSDT 0x00000000ACA0B000 000D37 (v01 AMD    AmdTable 00000001 INTL 20120913)
[    0.005337] ACPI: SSDT 0x00000000ACA09000 0010A5 (v01 AMD    AmdTable 00000001 INTL 20120913)
[    0.005339] ACPI: SSDT 0x00000000ACA08000 000A92 (v01 AsusQO Nv18dGPU 00000001 INTL 20120913)
[    0.005341] ACPI: SSDT 0x00000000ACA04000 0030C8 (v01 AMD    AmdTable 00000001 INTL 20120913)
[    0.005343] ACPI: WSMT 0x00000000ACA03000 000028 (v01 _ASUS_ Notebook 01072009 AMI  00010013)
[    0.005345] ACPI: APIC 0x00000000ACA02000 0000DE (v03 _ASUS_ Notebook 01072009 AMI  00010013)
[    0.005347] ACPI: SSDT 0x00000000ACA01000 00007D (v01 AMD    AmdTable 00000001 INTL 20120913)
[    0.005349] ACPI: SSDT 0x00000000ACA00000 000517 (v01 AMD    AmdTable 00000001 INTL 20120913)
[    0.005351] ACPI: SSDT 0x00000000AC9FF000 0006DB (v01 AMD    AmdTable 00000001 INTL 20120913)
[    0.005354] ACPI: FPDT 0x00000000AC9FE000 000044 (v01 _ASUS_ A M I    01072009 AMI  01000013)
[    0.005355] ACPI: Reserving FACP table memory at [mem 0xaca31000-0xaca31113]
[    0.005356] ACPI: Reserving DSDT table memory at [mem 0xaca26000-0xaca300f7]
[    0.005357] ACPI: Reserving FACS table memory at [mem 0xacba7000-0xacba703f]
[    0.005357] ACPI: Reserving MSDM table memory at [mem 0xaca3b000-0xaca3b054]
[    0.005358] ACPI: Reserving SSDT table memory at [mem 0xaca33000-0xaca3a215]
[    0.005359] ACPI: Reserving IVRS table memory at [mem 0xaca32000-0xaca321a3]
[    0.005359] ACPI: Reserving FIDT table memory at [mem 0xaca25000-0xaca2509b]
[    0.005360] ACPI: Reserving MCFG table memory at [mem 0xaca24000-0xaca2403b]
[    0.005360] ACPI: Reserving HPET table memory at [mem 0xaca23000-0xaca23037]
[    0.005361] ACPI: Reserving VFCT table memory at [mem 0xaca15000-0xaca22483]
[    0.005361] ACPI: Reserving BGRT table memory at [mem 0xaca14000-0xaca14037]
[    0.005362] ACPI: Reserving TPM2 table memory at [mem 0xaca13000-0xaca1304b]
[    0.005362] ACPI: Reserving SSDT table memory at [mem 0xaca0f000-0xaca129f3]
[    0.005363] ACPI: Reserving CRAT table memory at [mem 0xaca0e000-0xaca0ef27]
[    0.005364] ACPI: Reserving CDIT table memory at [mem 0xaca0d000-0xaca0d028]
[    0.005364] ACPI: Reserving SSDT table memory at [mem 0xaca0c000-0xaca0c0b8]
[    0.005365] ACPI: Reserving SSDT table memory at [mem 0xaca0b000-0xaca0bd36]
[    0.005365] ACPI: Reserving SSDT table memory at [mem 0xaca09000-0xaca0a0a4]
[    0.005366] ACPI: Reserving SSDT table memory at [mem 0xaca08000-0xaca08a91]
[    0.005366] ACPI: Reserving SSDT table memory at [mem 0xaca04000-0xaca070c7]
[    0.005367] ACPI: Reserving WSMT table memory at [mem 0xaca03000-0xaca03027]
[    0.005367] ACPI: Reserving APIC table memory at [mem 0xaca02000-0xaca020dd]
[    0.005368] ACPI: Reserving SSDT table memory at [mem 0xaca01000-0xaca0107c]
[    0.005369] ACPI: Reserving SSDT table memory at [mem 0xaca00000-0xaca00516]
[    0.005369] ACPI: Reserving SSDT table memory at [mem 0xac9ff000-0xac9ff6da]
[    0.005370] ACPI: Reserving FPDT table memory at [mem 0xac9fe000-0xac9fe043]
[    0.005423] No NUMA configuration found
[    0.005423] Faking a node at [mem 0x0000000000000000-0x000000042f33ffff]
[    0.005429] NODE_DATA(0) allocated [mem 0x42f315280-0x42f33ffff]
[    0.005621] Zone ranges:
[    0.005621]   DMA      [mem 0x0000000000001000-0x0000000000ffffff]
[    0.005623]   DMA32    [mem 0x0000000001000000-0x00000000ffffffff]
[    0.005624]   Normal   [mem 0x0000000100000000-0x000000042f33ffff]
[    0.005625]   Device   empty
[    0.005626] Movable zone start for each node
[    0.005627] Early memory node ranges
[    0.005627]   node   0: [mem 0x0000000000001000-0x000000000009ffff]
[    0.005628]   node   0: [mem 0x0000000000100000-0x0000000009bfefff]
[    0.005629]   node   0: [mem 0x000000000a000000-0x000000000a1fffff]
[    0.005630]   node   0: [mem 0x000000000a20d000-0x000000009b58afff]
[    0.005631]   node   0: [mem 0x000000009b58c000-0x000000009b5edfff]
[    0.005631]   node   0: [mem 0x000000009b5ef000-0x00000000ab4d2fff]
[    0.005632]   node   0: [mem 0x00000000ad5ff000-0x00000000adffffff]
[    0.005632]   node   0: [mem 0x0000000100000000-0x000000042f33ffff]
[    0.005634] Initmem setup node 0 [mem 0x0000000000001000-0x000000042f33ffff]
[    0.005639] On node 0, zone DMA: 1 pages in unavailable ranges
[    0.005655] On node 0, zone DMA: 96 pages in unavailable ranges
[    0.005783] On node 0, zone DMA32: 1025 pages in unavailable ranges
[    0.009593] On node 0, zone DMA32: 13 pages in unavailable ranges
[    0.009598] On node 0, zone DMA32: 1 pages in unavailable ranges
[    0.010017] On node 0, zone DMA32: 1 pages in unavailable ranges
[    0.010086] On node 0, zone DMA32: 8492 pages in unavailable ranges
[    0.032425] On node 0, zone Normal: 8192 pages in unavailable ranges
[    0.032450] On node 0, zone Normal: 3264 pages in unavailable ranges
[    0.032720] ACPI: PM-Timer IO Port: 0x808
[    0.032729] ACPI: LAPIC_NMI (acpi_id[0xff] high edge lint[0x1])
[    0.032741] IOAPIC[0]: apic_id 17, version 33, address 0xfec00000, GSI 0-23
[    0.032746] IOAPIC[1]: apic_id 18, version 33, address 0xfec01000, GSI 24-55
[    0.032748] ACPI: INT_SRC_OVR (bus 0 bus_irq 0 global_irq 2 dfl dfl)
[    0.032749] ACPI: INT_SRC_OVR (bus 0 bus_irq 9 global_irq 9 low level)
[    0.032753] ACPI: Using ACPI (MADT) for SMP configuration information
[    0.032754] ACPI: HPET id: 0x10228201 base: 0xfed00000
[    0.032768] e820: update [mem 0xa7f7f000-0xa7fadfff] usable ==> reserved
[    0.032784] CPU topo: Max. logical packages:   1
[    0.032785] CPU topo: Max. logical dies:       1
[    0.032785] CPU topo: Max. dies per package:   1
[    0.032789] CPU topo: Max. threads per core:   2
[    0.032790] CPU topo: Num. cores per package:     8
[    0.032791] CPU topo: Num. threads per package:  16
[    0.032791] CPU topo: Allowing 16 present CPUs plus 0 hotplug CPUs
[    0.032811] PM: hibernation: Registered nosave memory: [mem 0x00000000-0x00000fff]
[    0.032812] PM: hibernation: Registered nosave memory: [mem 0x000a0000-0x000fffff]
[    0.032814] PM: hibernation: Registered nosave memory: [mem 0x09bff000-0x09ffffff]
[    0.032815] PM: hibernation: Registered nosave memory: [mem 0x0a200000-0x0a20cfff]
[    0.032817] PM: hibernation: Registered nosave memory: [mem 0x9b58b000-0x9b58bfff]
[    0.032818] PM: hibernation: Registered nosave memory: [mem 0x9b5ee000-0x9b5eefff]
[    0.032820] PM: hibernation: Registered nosave memory: [mem 0xa77cc000-0xa77ccfff]
[    0.032821] PM: hibernation: Registered nosave memory: [mem 0xa7f7f000-0xa7fadfff]
[    0.032823] PM: hibernation: Registered nosave memory: [mem 0xab4d3000-0xad5fefff]
[    0.032824] PM: hibernation: Registered nosave memory: [mem 0xae000000-0xffffffff]
[    0.032826] [mem 0xb0000000-0xfedfffff] available for PCI devices
[    0.032827] Booting paravirtualized kernel on bare hardware
[    0.032830] clocksource: refined-jiffies: mask: 0xffffffff max_cycles: 0xffffffff, max_idle_ns: 1910969940391419 ns
[    0.038385] setup_percpu: NR_CPUS:8192 nr_cpumask_bits:16 nr_cpu_ids:16 nr_node_ids:1
[    0.038941] percpu: Embedded 63 pages/cpu s221184 r8192 d28672 u262144
[    0.038949] pcpu-alloc: s221184 r8192 d28672 u262144 alloc=1*2097152
[    0.038951] pcpu-alloc: [0] 00 01 02 03 04 05 06 07 [0] 08 09 10 11 12 13 14 15 
[    0.038971] Kernel command line: BOOT_IMAGE=/boot/vmlinuz-6.18-x86_64 root=UUID=0c7e5d80-1f7d-4a21-960e-18abb6ccc3a4 rw quiet apparmor=1 security=apparmor resume=UUID=78d180fd-5b45-4aef-9304-ac4e6368bb18 udev.log_priority=3 acpi_backlight=native
[    0.039084] random: crng init done
[    0.039085] printk: log buffer data + meta data: 131072 + 458752 = 589824 bytes
[    0.040699] Dentry cache hash table entries: 2097152 (order: 12, 16777216 bytes, linear)
[    0.041499] Inode-cache hash table entries: 1048576 (order: 11, 8388608 bytes, linear)
[    0.041645] software IO TLB: area num 16.
[    0.054967] Fallback order for Node 0: 0 
[    0.054974] Built 1 zonelists, mobility grouping on.  Total pages: 4042147
[    0.054975] Policy zone: Normal
[    0.055222] mem auto-init: stack:all(zero), heap alloc:on, heap free:off
[    0.086988] SLUB: HWalign=64, Order=0-3, MinObjects=0, CPUs=16, Nodes=1
[    0.095593] ftrace: allocating 57230 entries in 224 pages
[    0.095596] ftrace: allocated 224 pages with 3 groups
[    0.095688] Dynamic Preempt: full
[    0.095748] rcu: Preemptible hierarchical RCU implementation.
[    0.095749] rcu: 	RCU restricting CPUs from NR_CPUS=8192 to nr_cpu_ids=16.
[    0.095750] rcu: 	RCU priority boosting: priority 1 delay 500 ms.
[    0.095751] 	Trampoline variant of Tasks RCU enabled.
[    0.095751] 	Rude variant of Tasks RCU enabled.
[    0.095751] 	Tracing variant of Tasks RCU enabled.
[    0.095752] rcu: RCU calculated value of scheduler-enlistment delay is 100 jiffies.
[    0.095753] rcu: Adjusting geometry for rcu_fanout_leaf=16, nr_cpu_ids=16
[    0.095766] RCU Tasks: Setting shift to 4 and lim to 1 rcu_task_cb_adjust=1 rcu_task_cpu_ids=16.
[    0.095768] RCU Tasks Rude: Setting shift to 4 and lim to 1 rcu_task_cb_adjust=1 rcu_task_cpu_ids=16.
[    0.095770] RCU Tasks Trace: Setting shift to 4 and lim to 1 rcu_task_cb_adjust=1 rcu_task_cpu_ids=16.
[    0.100616] NR_IRQS: 524544, nr_irqs: 1096, preallocated irqs: 16
[    0.100818] rcu: srcu_init: Setting srcu_struct sizes based on contention.
[    0.100933] kfence: initialized - using 2097152 bytes for 255 objects at 0x(____ptrval____)-0x(____ptrval____)
[    0.100974] Console: colour dummy device 80x25
[    0.100976] printk: legacy console [tty0] enabled
[    0.101016] ACPI: Core revision 20250807
[    0.101144] clocksource: hpet: mask: 0xffffffff max_cycles: 0xffffffff, max_idle_ns: 133484873504 ns
[    0.101161] APIC: Switch to symmetric I/O mode setup
[    0.101561] AMD-Vi: ivrs, add hid:AMDI0020, uid:\_SB.FUR0, rdevid:0xa0
[    0.101563] AMD-Vi: ivrs, add hid:AMDI0020, uid:\_SB.FUR1, rdevid:0xa0
[    0.101564] AMD-Vi: ivrs, add hid:AMDI0020, uid:\_SB.FUR2, rdevid:0xa0
[    0.101565] AMD-Vi: ivrs, add hid:AMDI0020, uid:\_SB.FUR3, rdevid:0xa0
[    0.101566] AMD-Vi: Using global IVHD EFR:0x206d73ef22254ade, EFR2:0x0
[    0.102437] ..TIMER: vector=0x30 apic1=0 pin1=2 apic2=-1 pin2=-1
[    0.107163] clocksource: tsc-early: mask: 0xffffffffffffffff max_cycles: 0x29b8e0c552c, max_idle_ns: 440795306818 ns
[    0.107170] Calibrating delay loop (skipped), value calculated using timer frequency.. 5788.95 BogoMIPS (lpj=2894476)
[    0.107192] x86/cpu: User Mode Instruction Prevention (UMIP) activated
[    0.107231] LVT offset 1 assigned for vector 0xf9
[    0.107333] LVT offset 2 assigned for vector 0xf4
[    0.107369] Last level iTLB entries: 4KB 1024, 2MB 1024, 4MB 512
[    0.107370] Last level dTLB entries: 4KB 2048, 2MB 2048, 4MB 1024, 1GB 0
[    0.107377] process: using mwait in idle threads
[    0.107380] mitigations: Enabled attack vectors: user_kernel, user_user, guest_host, guest_guest, SMT mitigations: auto
[    0.107384] Speculative Store Bypass: Mitigation: Speculative Store Bypass disabled via prctl
[    0.107385] Spectre V2 : Mitigation: Retpolines
[    0.107386] RETBleed: Mitigation: untrained return thunk
[    0.107387] Spectre V2 : Selecting STIBP always-on mode to complement retbleed mitigation
[    0.107388] Spectre V2 : User space: Mitigation: STIBP always-on protection
[    0.107389] Speculative Return Stack Overflow: Mitigation: Safe RET
[    0.107390] VMSCAPE: Mitigation: IBPB before exit to userspace
[    0.107391] Spectre V1 : Mitigation: usercopy/swapgs barriers and __user pointer sanitization
[    0.107391] Spectre V2 : Spectre v2 / SpectreRSB: Filling RSB on context switch and VMEXIT
[    0.107392] Spectre V2 : Enabling Speculation Barrier for firmware calls
[    0.107393] active return thunk: retbleed_return_thunk
[    0.107400] Spectre V2 : mitigation: Enabling conditional Indirect Branch Prediction Barrier
[    0.107402] active return thunk: srso_return_thunk
[    0.107408] x86/fpu: Supporting XSAVE feature 0x001: 'x87 floating point registers'
[    0.107409] x86/fpu: Supporting XSAVE feature 0x002: 'SSE registers'
[    0.107410] x86/fpu: Supporting XSAVE feature 0x004: 'AVX registers'
[    0.107411] x86/fpu: xstate_offset[2]:  576, xstate_sizes[2]:  256
[    0.107413] x86/fpu: Enabled xstate features 0x7, context size is 832 bytes, using 'compacted' format.
[    0.139172] Freeing SMP alternatives memory: 56K
[    0.139177] pid_max: default: 32768 minimum: 301
[    0.139235] LSM: initializing lsm=capability,landlock,lockdown,yama,bpf,apparmor
[    0.139312] landlock: Up and running.
[    0.139315] Yama: becoming mindful.
[    0.139559] LSM support for eBPF active
[    0.139645] AppArmor: AppArmor initialized
[    0.139691] Mount-cache hash table entries: 32768 (order: 6, 262144 bytes, linear)
[    0.139710] Mountpoint-cache hash table entries: 32768 (order: 6, 262144 bytes, linear)
[    0.242497] smpboot: CPU0: AMD Ryzen 7 4800H with Radeon Graphics (family: 0x17, model: 0x60, stepping: 0x1)
[    0.242762] Performance Events: Fam17h+ core perfctr, AMD PMU driver.
[    0.242770] ... version:                   0
[    0.242772] ... bit width:                 48
[    0.242773] ... generic counters:          6
[    0.242775] ... generic bitmap:            000000000000003f
[    0.242776] ... fixed-purpose counters:    0
[    0.242777] ... fixed-purpose bitmap:      0000000000000000
[    0.242779] ... value mask:                0000ffffffffffff
[    0.242780] ... max period:                00007fffffffffff
[    0.242781] ... global_ctrl mask:          000000000000003f
[    0.242916] signal: max sigframe size: 1776
[    0.242960] rcu: Hierarchical SRCU implementation.
[    0.242962] rcu: 	Max phase no-delay instances is 400.
[    0.243047] Timer migration: 2 hierarchy levels; 8 children per group; 2 crossnode level
[    0.249352] MCE: In-kernel MCE decoding enabled.
[    0.249421] NMI watchdog: Enabled. Permanently consumes one hw-PMU counter.
[    0.249581] smp: Bringing up secondary CPUs ...
[    0.249721] smpboot: x86: Booting SMP configuration:
[    0.249723] .... node  #0, CPUs:        #2  #4  #6  #8 #10 #12 #14  #1  #3  #5  #7  #9 #11 #13 #15
[    0.261326] Spectre V2 : Update user space SMT mitigation: STIBP always-on
[    0.269227] smp: Brought up 1 node, 16 CPUs
[    0.269227] smpboot: Total of 16 processors activated (92623.23 BogoMIPS)
[    0.271266] Memory: 15521380K/16168588K available (20276K kernel code, 2955K rwdata, 16368K rodata, 4736K init, 4764K bss, 625968K reserved, 0K cma-reserved)
[    0.271685] devtmpfs: initialized
[    0.271685] x86/mm: Memory block size: 128MB
[    0.274835] ACPI: PM: Registering ACPI NVS region [mem 0x0a200000-0x0a20cfff] (53248 bytes)
[    0.274835] ACPI: PM: Registering ACPI NVS region [mem 0xaca3e000-0xacbeefff] (1773568 bytes)
[    0.274835] clocksource: jiffies: mask: 0xffffffff max_cycles: 0xffffffff, max_idle_ns: 1911260446275000 ns
[    0.274835] posixtimers hash table entries: 8192 (order: 5, 131072 bytes, linear)
[    0.274835] futex hash table entries: 4096 (262144 bytes on 1 NUMA nodes, total 256 KiB, linear).
[    0.275256] pinctrl core: initialized pinctrl subsystem
[    0.275366] PM: RTC time: 09:42:54, date: 2026-04-09
[    0.275954] NET: Registered PF_NETLINK/PF_ROUTE protocol family
[    0.276366] DMA: preallocated 2048 KiB GFP_KERNEL pool for atomic allocations
[    0.276546] DMA: preallocated 2048 KiB GFP_KERNEL|GFP_DMA pool for atomic allocations
[    0.276721] DMA: preallocated 2048 KiB GFP_KERNEL|GFP_DMA32 pool for atomic allocations
[    0.276738] audit: initializing netlink subsys (disabled)
[    0.276762] audit: type=2000 audit(1775727774.174:1): state=initialized audit_enabled=0 res=1
[    0.276762] thermal_sys: Registered thermal governor 'fair_share'
[    0.276762] thermal_sys: Registered thermal governor 'bang_bang'
[    0.276762] thermal_sys: Registered thermal governor 'step_wise'
[    0.276762] thermal_sys: Registered thermal governor 'user_space'
[    0.276762] thermal_sys: Registered thermal governor 'power_allocator'
[    0.276762] cpuidle: using governor ladder
[    0.276762] cpuidle: using governor menu
[    0.281669] efi: Freeing EFI boot services memory: 72892K
[    0.281673] acpiphp: ACPI Hot Plug PCI Controller Driver version: 0.5
[    0.281798] PCI: ECAM [mem 0xf0000000-0xf7ffffff] (base 0xf0000000) for domain 0000 [bus 00-7f]
[    0.281814] PCI: Using configuration type 1 for base access
[    0.281982] kprobes: kprobe jump-optimization is enabled. All kprobes are optimized if possible.
[    0.282222] HugeTLB: registered 1.00 GiB page size, pre-allocated 0 pages
[    0.282222] HugeTLB: 16380 KiB vmemmap can be freed for a 1.00 GiB page
[    0.282222] HugeTLB: registered 2.00 MiB page size, pre-allocated 0 pages
[    0.282222] HugeTLB: 28 KiB vmemmap can be freed for a 2.00 MiB page
[    0.283471] raid6: skipped pq benchmark and selected avx2x4
[    0.283475] raid6: using avx2x2 recovery algorithm
[    0.283587] ACPI: Added _OSI(Module Device)
[    0.283590] ACPI: Added _OSI(Processor Device)
[    0.283592] ACPI: Added _OSI(Processor Aggregator Device)
[    0.307169] ACPI BIOS Error (bug): Could not resolve symbol [\_SB.PCI0.GPP4.WLAN], AE_NOT_FOUND (20250807/dswload2-162)
[    0.307180] ACPI Error: AE_NOT_FOUND, During name lookup/catalog (20250807/psobject-220)
[    0.307185] ACPI: Skipping parse of AML opcode: Scope (0x0010)
[    0.311190] ACPI: 11 ACPI AML tables successfully acquired and loaded
[    0.314466] ACPI: [Firmware Bug]: BIOS _OSI(Linux) query ignored
[    0.319058] ACPI: EC: EC started
[    0.319060] ACPI: EC: interrupt blocked
[    0.319966] ACPI: EC: EC_CMD/EC_SC=0x66, EC_DATA=0x62
[    0.319970] ACPI: \_SB_.PCI0.SBRG.EC0_: Boot DSDT EC used to handle transactions
[    0.319973] ACPI: Interpreter enabled
[    0.319995] ACPI: PM: (supports S0 S3 S4 S5)
[    0.319997] ACPI: Using IOAPIC for interrupt routing
[    0.321904] PCI: Using host bridge windows from ACPI; if necessary, use "pci=nocrs" and report a bug
[    0.321907] PCI: Using E820 reservations for host bridge windows
[    0.322475] ACPI: Enabled 6 GPEs in block 00 to 1F
[    0.324637] ACPI: \_SB_.PCI0.GPP4.WRST: New power resource
[    0.327921] ACPI: \_SB_.P0S0: New power resource
[    0.327964] ACPI: \_SB_.P3S0: New power resource
[    0.328092] ACPI: \_SB_.P0S1: New power resource
[    0.328135] ACPI: \_SB_.P3S1: New power resource
[    0.329836] ACPI: \_SB_.PCI0.GPP0.PG00: New power resource
[    0.336959] ACPI: \_SB_.PRWL: New power resource
[    0.338345] ACPI: PCI Root Bridge [PCI0] (domain 0000 [bus 00-ff])
[    0.338351] acpi PNP0A08:00: _OSC: OS supports [ExtendedConfig ASPM ClockPM Segments MSI EDR HPX-Type3]
[    0.338485] acpi PNP0A08:00: _OSC: platform does not support [SHPCHotplug LTR DPC]
[    0.338729] acpi PNP0A08:00: _OSC: OS now controls [PCIeHotplug PME AER PCIeCapability]
[    0.338742] acpi PNP0A08:00: [Firmware Info]: ECAM [mem 0xf0000000-0xf7ffffff] for domain 0000 [bus 00-7f] only partially covers this bridge
[    0.339331] PCI host bridge to bus 0000:00
[    0.339336] pci_bus 0000:00: root bus resource [io  0x0000-0x03af window]
[    0.339339] pci_bus 0000:00: root bus resource [io  0x03e0-0x0cf7 window]
[    0.339341] pci_bus 0000:00: root bus resource [io  0x03b0-0x03df window]
[    0.339343] pci_bus 0000:00: root bus resource [io  0x0d00-0xffff window]
[    0.339345] pci_bus 0000:00: root bus resource [mem 0x000a0000-0x000dffff window]
[    0.339348] pci_bus 0000:00: root bus resource [mem 0xb0000000-0xfebfffff window]
[    0.339350] pci_bus 0000:00: root bus resource [mem 0xfee00000-0xffffffff window]
[    0.339352] pci_bus 0000:00: root bus resource [bus 00-ff]
[    0.339367] pci 0000:00:00.0: [1022:1630] type 00 class 0x060000 conventional PCI endpoint
[    0.339492] pci 0000:00:00.2: [1022:1631] type 00 class 0x080600 conventional PCI endpoint
[    0.339609] pci 0000:00:01.0: [1022:1632] type 00 class 0x060000 conventional PCI endpoint
[    0.339684] pci 0000:00:01.1: [1022:1633] type 01 class 0x060400 PCIe Root Port
[    0.339697] pci 0000:00:01.1: PCI bridge to [bus 01]
[    0.339702] pci 0000:00:01.1:   bridge window [io  0xf000-0xffff]
[    0.339705] pci 0000:00:01.1:   bridge window [mem 0xfb000000-0xfc0fffff]
[    0.339712] pci 0000:00:01.1:   bridge window [mem 0xb0000000-0xc20fffff 64bit pref]
[    0.339759] pci 0000:00:01.1: PME# supported from D0 D3hot D3cold
[    0.339922] pci 0000:00:02.0: [1022:1632] type 00 class 0x060000 conventional PCI endpoint
[    0.339996] pci 0000:00:02.1: [1022:1634] type 01 class 0x060400 PCIe Root Port
[    0.340009] pci 0000:00:02.1: PCI bridge to [bus 02]
[    0.340014] pci 0000:00:02.1:   bridge window [io  0xe000-0xefff]
[    0.340017] pci 0000:00:02.1:   bridge window [mem 0xfc900000-0xfc9fffff]
[    0.340028] pci 0000:00:02.1: enabling Extended Tags
[    0.340069] pci 0000:00:02.1: PME# supported from D0 D3hot D3cold
[    0.340219] pci 0000:00:02.2: [1022:1634] type 01 class 0x060400 PCIe Root Port
[    0.340233] pci 0000:00:02.2: PCI bridge to [bus 03]
[    0.340237] pci 0000:00:02.2:   bridge window [io  0xd000-0xdfff]
[    0.340240] pci 0000:00:02.2:   bridge window [mem 0xfc800000-0xfc8fffff]
[    0.340251] pci 0000:00:02.2: enabling Extended Tags
[    0.340293] pci 0000:00:02.2: PME# supported from D0 D3hot D3cold
[    0.340439] pci 0000:00:02.4: [1022:1634] type 01 class 0x060400 PCIe Root Port
[    0.340453] pci 0000:00:02.4: PCI bridge to [bus 04]
[    0.340458] pci 0000:00:02.4:   bridge window [mem 0xfc700000-0xfc7fffff]
[    0.340470] pci 0000:00:02.4: enabling Extended Tags
[    0.340511] pci 0000:00:02.4: PME# supported from D0 D3hot D3cold
[    0.340643] pci 0000:00:08.0: [1022:1632] type 00 class 0x060000 conventional PCI endpoint
[    0.340716] pci 0000:00:08.1: [1022:1635] type 01 class 0x060400 PCIe Root Port
[    0.340730] pci 0000:00:08.1: PCI bridge to [bus 05]
[    0.340734] pci 0000:00:08.1:   bridge window [io  0xc000-0xcfff]
[    0.340737] pci 0000:00:08.1:   bridge window [mem 0xfc200000-0xfc5fffff]
[    0.340743] pci 0000:00:08.1:   bridge window [mem 0xd0000000-0xe01fffff 64bit pref]
[    0.340749] pci 0000:00:08.1: enabling Extended Tags
[    0.340782] pci 0000:00:08.1: PME# supported from D0 D3hot D3cold
[    0.340931] pci 0000:00:08.2: [1022:1635] type 01 class 0x060400 PCIe Root Port
[    0.340945] pci 0000:00:08.2: PCI bridge to [bus 06]
[    0.340950] pci 0000:00:08.2:   bridge window [mem 0xfc600000-0xfc6fffff]
[    0.340960] pci 0000:00:08.2: enabling Extended Tags
[    0.340993] pci 0000:00:08.2: PME# supported from D0 D3hot D3cold
[    0.341139] pci 0000:00:14.0: [1022:790b] type 00 class 0x0c0500 conventional PCI endpoint
[    0.341285] pci 0000:00:14.3: [1022:790e] type 00 class 0x060100 conventional PCI endpoint
[    0.341431] pci 0000:00:18.0: [1022:1448] type 00 class 0x060000 conventional PCI endpoint
[    0.341482] pci 0000:00:18.1: [1022:1449] type 00 class 0x060000 conventional PCI endpoint
[    0.341529] pci 0000:00:18.2: [1022:144a] type 00 class 0x060000 conventional PCI endpoint
[    0.341576] pci 0000:00:18.3: [1022:144b] type 00 class 0x060000 conventional PCI endpoint
[    0.341623] pci 0000:00:18.4: [1022:144c] type 00 class 0x060000 conventional PCI endpoint
[    0.341670] pci 0000:00:18.5: [1022:144d] type 00 class 0x060000 conventional PCI endpoint
[    0.341717] pci 0000:00:18.6: [1022:144e] type 00 class 0x060000 conventional PCI endpoint
[    0.341767] pci 0000:00:18.7: [1022:144f] type 00 class 0x060000 conventional PCI endpoint
[    0.341925] pci 0000:01:00.0: [10de:2191] type 00 class 0x030000 PCIe Legacy Endpoint
[    0.341956] pci 0000:01:00.0: BAR 0 [mem 0xfb000000-0xfbffffff]
[    0.341960] pci 0000:01:00.0: BAR 1 [mem 0xb0000000-0xbfffffff 64bit pref]
[    0.341964] pci 0000:01:00.0: BAR 3 [mem 0xc0000000-0xc1ffffff 64bit pref]
[    0.341967] pci 0000:01:00.0: BAR 5 [io  0xf000-0xf07f]
[    0.341970] pci 0000:01:00.0: ROM [mem 0xfc000000-0xfc07ffff pref]
[    0.342034] pci 0000:01:00.0: PME# supported from D0 D3hot D3cold
[    0.342124] pci 0000:01:00.0: 63.008 Gb/s available PCIe bandwidth, limited by 8.0 GT/s PCIe x8 link at 0000:00:01.1 (capable of 126.016 Gb/s with 8.0 GT/s PCIe x16 link)
[    0.342823] pci 0000:01:00.1: [10de:1aeb] type 00 class 0x040300 PCIe Endpoint
[    0.342854] pci 0000:01:00.1: BAR 0 [mem 0xfc080000-0xfc083fff]
[    0.343018] pci 0000:01:00.2: [10de:1aec] type 00 class 0x0c0330 PCIe Endpoint
[    0.343052] pci 0000:01:00.2: BAR 0 [mem 0xc2000000-0xc203ffff 64bit pref]
[    0.343057] pci 0000:01:00.2: BAR 3 [mem 0xc2040000-0xc204ffff 64bit pref]
[    0.343103] pci 0000:01:00.2: PME# supported from D0 D3hot D3cold
[    0.343232] pci 0000:01:00.3: [10de:1aed] type 00 class 0x0c8000 PCIe Endpoint
[    0.343263] pci 0000:01:00.3: BAR 0 [mem 0xfc084000-0xfc084fff]
[    0.343314] pci 0000:01:00.3: PME# supported from D0 D3hot D3cold
[    0.343459] pci 0000:00:01.1: PCI bridge to [bus 01]
[    0.343524] pci 0000:02:00.0: [10ec:8168] type 00 class 0x020000 PCIe Endpoint
[    0.343570] pci 0000:02:00.0: BAR 0 [io  0xe000-0xe0ff]
[    0.343575] pci 0000:02:00.0: BAR 2 [mem 0xfc904000-0xfc904fff 64bit]
[    0.343580] pci 0000:02:00.0: BAR 4 [mem 0xfc900000-0xfc903fff 64bit]
[    0.343671] pci 0000:02:00.0: supports D1 D2
[    0.343673] pci 0000:02:00.0: PME# supported from D0 D1 D2 D3hot D3cold
[    0.343841] pci 0000:00:02.1: PCI bridge to [bus 02]
[    0.343921] pci 0000:03:00.0: [10ec:c822] type 00 class 0x028000 PCIe Endpoint
[    0.343980] pci 0000:03:00.0: BAR 0 [io  0xd000-0xd0ff]
[    0.343987] pci 0000:03:00.0: BAR 2 [mem 0xfc800000-0xfc80ffff 64bit]
[    0.344096] pci 0000:03:00.0: supports D1 D2
[    0.344098] pci 0000:03:00.0: PME# supported from D0 D1 D2 D3hot D3cold
[    0.344328] pci 0000:00:02.2: PCI bridge to [bus 03]
[    0.344491] pci 0000:04:00.0: [8086:f1a8] type 00 class 0x010802 PCIe Endpoint
[    0.344535] pci 0000:04:00.0: BAR 0 [mem 0xfc700000-0xfc703fff 64bit]
[    0.344768] pci 0000:00:02.4: PCI bridge to [bus 04]
[    0.344869] pci 0000:05:00.0: [1002:1636] type 00 class 0x030000 PCIe Legacy Endpoint
[    0.344893] pci 0000:05:00.0: BAR 0 [mem 0xd0000000-0xdfffffff 64bit pref]
[    0.344896] pci 0000:05:00.0: BAR 2 [mem 0xe0000000-0xe01fffff 64bit pref]
[    0.344899] pci 0000:05:00.0: BAR 4 [io  0xc000-0xc0ff]
[    0.344901] pci 0000:05:00.0: BAR 5 [mem 0xfc500000-0xfc57ffff]
[    0.344907] pci 0000:05:00.0: enabling Extended Tags
[    0.344959] pci 0000:05:00.0: PME# supported from D1 D2 D3hot D3cold
[    0.345098] pci 0000:05:00.1: [1002:1637] type 00 class 0x040300 PCIe Legacy Endpoint
[    0.345120] pci 0000:05:00.1: BAR 0 [mem 0xfc5c8000-0xfc5cbfff]
[    0.345128] pci 0000:05:00.1: enabling Extended Tags
[    0.345160] pci 0000:05:00.1: PME# supported from D1 D2 D3hot D3cold
[    0.345266] pci 0000:05:00.2: [1022:15df] type 00 class 0x108000 PCIe Endpoint
[    0.345289] pci 0000:05:00.2: BAR 2 [mem 0xfc400000-0xfc4fffff]
[    0.345293] pci 0000:05:00.2: BAR 5 [mem 0xfc5cc000-0xfc5cdfff]
[    0.345298] pci 0000:05:00.2: enabling Extended Tags
[    0.345423] pci 0000:05:00.3: [1022:1639] type 00 class 0x0c0330 PCIe Endpoint
[    0.345446] pci 0000:05:00.3: BAR 0 [mem 0xfc300000-0xfc3fffff 64bit]
[    0.345454] pci 0000:05:00.3: enabling Extended Tags
[    0.345488] pci 0000:05:00.3: PME# supported from D0 D3hot D3cold
[    0.345595] pci 0000:05:00.4: [1022:1639] type 00 class 0x0c0330 PCIe Endpoint
[    0.345618] pci 0000:05:00.4: BAR 0 [mem 0xfc200000-0xfc2fffff 64bit]
[    0.345626] pci 0000:05:00.4: enabling Extended Tags
[    0.345660] pci 0000:05:00.4: PME# supported from D0 D3hot D3cold
[    0.345770] pci 0000:05:00.5: [1022:15e2] type 00 class 0x048000 PCIe Endpoint
[    0.345792] pci 0000:05:00.5: BAR 0 [mem 0xfc580000-0xfc5bffff]
[    0.345800] pci 0000:05:00.5: enabling Extended Tags
[    0.345832] pci 0000:05:00.5: PME# supported from D0 D3hot D3cold
[    0.345935] pci 0000:05:00.6: [1022:15e3] type 00 class 0x040300 PCIe Endpoint
[    0.345956] pci 0000:05:00.6: BAR 0 [mem 0xfc5c0000-0xfc5c7fff]
[    0.345965] pci 0000:05:00.6: enabling Extended Tags
[    0.345997] pci 0000:05:00.6: PME# supported from D0 D3hot D3cold
[    0.346121] pci 0000:00:08.1: PCI bridge to [bus 05]
[    0.346183] pci 0000:06:00.0: [1022:7901] type 00 class 0x010601 PCIe Endpoint
[    0.346208] pci 0000:06:00.0: BAR 5 [mem 0xfc601000-0xfc6017ff]
[    0.346214] pci 0000:06:00.0: enabling Extended Tags
[    0.346376] pci 0000:06:00.1: [1022:7901] type 00 class 0x010601 PCIe Endpoint
[    0.346401] pci 0000:06:00.1: BAR 5 [mem 0xfc600000-0xfc6007ff]
[    0.346407] pci 0000:06:00.1: enabling Extended Tags
[    0.346539] pci 0000:00:08.2: PCI bridge to [bus 06]
[    0.348276] ACPI: PCI: Interrupt link LNKA configured for IRQ 0
[    0.348356] ACPI: PCI: Interrupt link LNKB configured for IRQ 0
[    0.348425] ACPI: PCI: Interrupt link LNKC configured for IRQ 0
[    0.348509] ACPI: PCI: Interrupt link LNKD configured for IRQ 0
[    0.348585] ACPI: PCI: Interrupt link LNKE configured for IRQ 0
[    0.348649] ACPI: PCI: Interrupt link LNKF configured for IRQ 0
[    0.348712] ACPI: PCI: Interrupt link LNKG configured for IRQ 0
[    0.348781] ACPI: PCI: Interrupt link LNKH configured for IRQ 0
[    0.350413] ACPI: EC: interrupt unblocked
[    0.350416] ACPI: EC: event unblocked
[    0.350424] ACPI: EC: EC_CMD/EC_SC=0x66, EC_DATA=0x62
[    0.350426] ACPI: EC: GPE=0x3
[    0.350428] ACPI: \_SB_.PCI0.SBRG.EC0_: Boot DSDT EC initialization complete
[    0.350430] ACPI: \_SB_.PCI0.SBRG.EC0_: EC: Used to handle transactions and events
[    0.350541] iommu: Default domain type: Translated
[    0.350541] iommu: DMA domain TLB invalidation policy: lazy mode
[    0.350541] SCSI subsystem initialized
[    0.351178] libata version 3.00 loaded.
[    0.351182] ACPI: bus type USB registered
[    0.351202] usbcore: registered new interface driver usbfs
[    0.351213] usbcore: registered new interface driver hub
[    0.351223] usbcore: registered new device driver usb
[    0.354257] EDAC MC: Ver: 3.0.0
[    0.354358] efivars: Registered efivars operations
[    0.354457] NetLabel: Initializing
[    0.354459] NetLabel:  domain hash size = 128
[    0.354460] NetLabel:  protocols = UNLABELED CIPSOv4 CALIPSO
[    0.354481] NetLabel:  unlabeled traffic allowed by default
[    0.354487] mctp: management component transport protocol core
[    0.354488] NET: Registered PF_MCTP protocol family
[    0.354500] PCI: Using ACPI for IRQ routing
[    0.359057] PCI: pci_cache_line_size set to 64 bytes
[    0.359132] e820: reserve RAM buffer [mem 0x09bff000-0x0bffffff]
[    0.359135] e820: reserve RAM buffer [mem 0x0a200000-0x0bffffff]
[    0.359136] e820: reserve RAM buffer [mem 0x9b58b000-0x9bffffff]
[    0.359138] e820: reserve RAM buffer [mem 0x9b5ee000-0x9bffffff]
[    0.359140] e820: reserve RAM buffer [mem 0xa77cc000-0xa7ffffff]
[    0.359141] e820: reserve RAM buffer [mem 0xa7f7f000-0xa7ffffff]
[    0.359143] e820: reserve RAM buffer [mem 0xab4d3000-0xabffffff]
[    0.359144] e820: reserve RAM buffer [mem 0xae000000-0xafffffff]
[    0.359146] e820: reserve RAM buffer [mem 0x42f340000-0x42fffffff]
[    0.359218] pci 0000:01:00.0: vgaarb: bridge control possible
[    0.359218] pci 0000:01:00.0: vgaarb: VGA device added: decodes=io+mem,owns=none,locks=none
[    0.359218] pci 0000:05:00.0: vgaarb: setting as boot VGA device
[    0.359218] pci 0000:05:00.0: vgaarb: bridge control possible
[    0.359218] pci 0000:05:00.0: vgaarb: VGA device added: decodes=io+mem,owns=none,locks=none
[    0.359218] vgaarb: loaded
[    0.359267] hpet0: at MMIO 0xfed00000, IRQs 2, 8, 0
[    0.359273] hpet0: 3 comparators, 32-bit 14.318180 MHz counter
[    0.361258] clocksource: Switched to clocksource tsc-early
[    0.361427] VFS: Disk quotas dquot_6.6.0
[    0.361437] VFS: Dquot-cache hash table entries: 512 (order 0, 4096 bytes)
[    0.361551] AppArmor: AppArmor Filesystem Enabled
[    0.361588] pnp: PnP ACPI init
[    0.361697] system 00:00: [mem 0xf0000000-0xf7ffffff] has been reserved
[    0.362181] system 00:03: [io  0x04d0-0x04d1] has been reserved
[    0.362183] system 00:03: [io  0x040b] has been reserved
[    0.362186] system 00:03: [io  0x04d6] has been reserved
[    0.362188] system 00:03: [io  0x0c00-0x0c01] has been reserved
[    0.362190] system 00:03: [io  0x0c14] has been reserved
[    0.362193] system 00:03: [io  0x0c50-0x0c51] has been reserved
[    0.362195] system 00:03: [io  0x0c52] has been reserved
[    0.362197] system 00:03: [io  0x0c6c] has been reserved
[    0.362199] system 00:03: [io  0x0c6f] has been reserved
[    0.362201] system 00:03: [io  0x0cd0-0x0cd1] has been reserved
[    0.362203] system 00:03: [io  0x0cd2-0x0cd3] has been reserved
[    0.362206] system 00:03: [io  0x0cd4-0x0cd5] has been reserved
[    0.362208] system 00:03: [io  0x0cd6-0x0cd7] has been reserved
[    0.362210] system 00:03: [io  0x0cd8-0x0cdf] has been reserved
[    0.362212] system 00:03: [io  0x0800-0x089f] has been reserved
[    0.362214] system 00:03: [io  0x0b00-0x0b0f] has been reserved
[    0.362216] system 00:03: [io  0x0b20-0x0b3f] has been reserved
[    0.362219] system 00:03: [io  0x0900-0x090f] has been reserved
[    0.362221] system 00:03: [io  0x0910-0x091f] has been reserved
[    0.362223] system 00:03: [mem 0xfec00000-0xfec00fff] could not be reserved
[    0.362226] system 00:03: [mem 0xfec01000-0xfec01fff] could not be reserved
[    0.362228] system 00:03: [mem 0xfedc0000-0xfedc0fff] has been reserved
[    0.362231] system 00:03: [mem 0xfee00000-0xfee00fff] has been reserved
[    0.362233] system 00:03: [mem 0xfed80000-0xfed8ffff] could not be reserved
[    0.362236] system 00:03: [mem 0xfec10000-0xfec10fff] has been reserved
[    0.362238] system 00:03: [mem 0xff000000-0xffffffff] has been reserved
[    0.363096] pnp: PnP ACPI: found 4 devices
[    0.369565] clocksource: acpi_pm: mask: 0xffffff max_cycles: 0xffffff, max_idle_ns: 2085701024 ns
[    0.369742] NET: Registered PF_INET protocol family
[    0.369998] IP idents hash table entries: 262144 (order: 9, 2097152 bytes, linear)
[    0.386581] tcp_listen_portaddr_hash hash table entries: 8192 (order: 5, 131072 bytes, linear)
[    0.386611] Table-perturb hash table entries: 65536 (order: 6, 262144 bytes, linear)
[    0.386674] TCP established hash table entries: 131072 (order: 8, 1048576 bytes, linear)
[    0.386951] TCP bind hash table entries: 65536 (order: 9, 2097152 bytes, linear)
[    0.387036] TCP: Hash tables configured (established 131072 bind 65536)
[    0.387167] MPTCP token hash table entries: 16384 (order: 7, 393216 bytes, linear)
[    0.387234] UDP hash table entries: 8192 (order: 7, 524288 bytes, linear)
[    0.387304] UDP-Lite hash table entries: 8192 (order: 7, 524288 bytes, linear)
[    0.387391] NET: Registered PF_UNIX/PF_LOCAL protocol family
[    0.387399] NET: Registered PF_XDP protocol family
[    0.387418] pci 0000:00:01.1: PCI bridge to [bus 01]
[    0.387423] pci 0000:00:01.1:   bridge window [io  0xf000-0xffff]
[    0.387427] pci 0000:00:01.1:   bridge window [mem 0xfb000000-0xfc0fffff]
[    0.387431] pci 0000:00:01.1:   bridge window [mem 0xb0000000-0xc20fffff 64bit pref]
[    0.387435] pci 0000:00:02.1: PCI bridge to [bus 02]
[    0.387438] pci 0000:00:02.1:   bridge window [io  0xe000-0xefff]
[    0.387442] pci 0000:00:02.1:   bridge window [mem 0xfc900000-0xfc9fffff]
[    0.387447] pci 0000:00:02.2: PCI bridge to [bus 03]
[    0.387450] pci 0000:00:02.2:   bridge window [io  0xd000-0xdfff]
[    0.387455] pci 0000:00:02.2:   bridge window [mem 0xfc800000-0xfc8fffff]
[    0.387461] pci 0000:00:02.4: PCI bridge to [bus 04]
[    0.387465] pci 0000:00:02.4:   bridge window [mem 0xfc700000-0xfc7fffff]
[    0.387474] pci 0000:00:08.1: PCI bridge to [bus 05]
[    0.387476] pci 0000:00:08.1:   bridge window [io  0xc000-0xcfff]
[    0.387480] pci 0000:00:08.1:   bridge window [mem 0xfc200000-0xfc5fffff]
[    0.387484] pci 0000:00:08.1:   bridge window [mem 0xd0000000-0xe01fffff 64bit pref]
[    0.387490] pci 0000:00:08.2: PCI bridge to [bus 06]
[    0.387493] pci 0000:00:08.2:   bridge window [mem 0xfc600000-0xfc6fffff]
[    0.387500] pci_bus 0000:00: resource 4 [io  0x0000-0x03af window]
[    0.387503] pci_bus 0000:00: resource 5 [io  0x03e0-0x0cf7 window]
[    0.387505] pci_bus 0000:00: resource 6 [io  0x03b0-0x03df window]
[    0.387508] pci_bus 0000:00: resource 7 [io  0x0d00-0xffff window]
[    0.387510] pci_bus 0000:00: resource 8 [mem 0x000a0000-0x000dffff window]
[    0.387513] pci_bus 0000:00: resource 9 [mem 0xb0000000-0xfebfffff window]
[    0.387515] pci_bus 0000:00: resource 10 [mem 0xfee00000-0xffffffff window]
[    0.387518] pci_bus 0000:01: resource 0 [io  0xf000-0xffff]
[    0.387520] pci_bus 0000:01: resource 1 [mem 0xfb000000-0xfc0fffff]
[    0.387523] pci_bus 0000:01: resource 2 [mem 0xb0000000-0xc20fffff 64bit pref]
[    0.387525] pci_bus 0000:02: resource 0 [io  0xe000-0xefff]
[    0.387527] pci_bus 0000:02: resource 1 [mem 0xfc900000-0xfc9fffff]
[    0.387530] pci_bus 0000:03: resource 0 [io  0xd000-0xdfff]
[    0.387532] pci_bus 0000:03: resource 1 [mem 0xfc800000-0xfc8fffff]
[    0.387535] pci_bus 0000:04: resource 1 [mem 0xfc700000-0xfc7fffff]
[    0.387537] pci_bus 0000:05: resource 0 [io  0xc000-0xcfff]
[    0.387540] pci_bus 0000:05: resource 1 [mem 0xfc200000-0xfc5fffff]
[    0.387542] pci_bus 0000:05: resource 2 [mem 0xd0000000-0xe01fffff 64bit pref]
[    0.387545] pci_bus 0000:06: resource 1 [mem 0xfc600000-0xfc6fffff]
[    0.387688] pci 0000:01:00.1: extending delay after power-on from D3hot to 20 msec
[    0.387729] pci 0000:01:00.1: D0 power state depends on 0000:01:00.0
[    0.387800] pci 0000:01:00.2: D0 power state depends on 0000:01:00.0
[    0.388025] pci 0000:01:00.3: D0 power state depends on 0000:01:00.0
[    0.388098] pci 0000:05:00.1: D0 power state depends on 0000:05:00.0
[    0.388123] pci 0000:05:00.3: extending delay after power-on from D3hot to 20 msec
[    0.388280] pci 0000:05:00.4: extending delay after power-on from D3hot to 20 msec
[    0.388376] PCI: CLS 64 bytes, default 64
[    0.388398] pci 0000:00:00.2: AMD-Vi: IOMMU performance counters supported
[    0.388466] Trying to unpack rootfs image as initramfs...
[    0.388491] pci 0000:00:01.0: Adding to iommu group 0
[    0.388511] pci 0000:00:01.1: Adding to iommu group 1
[    0.388562] pci 0000:00:02.0: Adding to iommu group 2
[    0.388584] pci 0000:00:02.1: Adding to iommu group 3
[    0.388603] pci 0000:00:02.2: Adding to iommu group 4
[    0.388626] pci 0000:00:02.4: Adding to iommu group 5
[    0.388667] pci 0000:00:08.0: Adding to iommu group 6
[    0.388685] pci 0000:00:08.1: Adding to iommu group 6
[    0.388702] pci 0000:00:08.2: Adding to iommu group 6
[    0.388736] pci 0000:00:14.0: Adding to iommu group 7
[    0.388754] pci 0000:00:14.3: Adding to iommu group 7
[    0.388851] pci 0000:00:18.0: Adding to iommu group 8
[    0.388869] pci 0000:00:18.1: Adding to iommu group 8
[    0.388888] pci 0000:00:18.2: Adding to iommu group 8
[    0.388907] pci 0000:00:18.3: Adding to iommu group 8
[    0.388925] pci 0000:00:18.4: Adding to iommu group 8
[    0.388943] pci 0000:00:18.5: Adding to iommu group 8
[    0.388965] pci 0000:00:18.6: Adding to iommu group 8
[    0.388984] pci 0000:00:18.7: Adding to iommu group 8
[    0.389033] pci 0000:01:00.0: Adding to iommu group 9
[    0.389053] pci 0000:01:00.1: Adding to iommu group 9
[    0.389072] pci 0000:01:00.2: Adding to iommu group 9
[    0.389092] pci 0000:01:00.3: Adding to iommu group 9
[    0.389110] pci 0000:02:00.0: Adding to iommu group 10
[    0.389129] pci 0000:03:00.0: Adding to iommu group 11
[    0.389149] pci 0000:04:00.0: Adding to iommu group 12
[    0.389158] pci 0000:05:00.0: Adding to iommu group 6
[    0.389165] pci 0000:05:00.1: Adding to iommu group 6
[    0.389172] pci 0000:05:00.2: Adding to iommu group 6
[    0.389178] pci 0000:05:00.3: Adding to iommu group 6
[    0.389185] pci 0000:05:00.4: Adding to iommu group 6
[    0.389196] pci 0000:05:00.5: Adding to iommu group 6
[    0.389203] pci 0000:05:00.6: Adding to iommu group 6
[    0.389210] pci 0000:06:00.0: Adding to iommu group 6
[    0.389217] pci 0000:06:00.1: Adding to iommu group 6
[    0.390833] AMD-Vi: Extended features (0x206d73ef22254ade, 0x0): PPR X2APIC NX GT IA GA PC GA_vAPIC
[    0.390851] AMD-Vi: Interrupt remapping enabled
[    0.390852] AMD-Vi: X2APIC enabled
[    0.391095] AMD-Vi: Virtual APIC enabled
[    0.391103] PCI-DMA: Using software bounce buffering for IO (SWIOTLB)
[    0.391105] software IO TLB: mapped [mem 0x00000000a374e000-0x00000000a774e000] (64MB)
[    0.391226] LVT offset 0 assigned for vector 0x400
[    0.392264] perf: AMD IBS detected (0x000003ff)
[    0.392269] perf/amd_iommu: Detected AMD IOMMU #0 (2 banks, 4 counters/bank).
[    0.430109] Initialise system trusted keyrings
[    0.430122] Key type blacklist registered
[    0.430200] workingset: timestamp_bits=36 max_order=22 bucket_order=0
[    0.430625] fuse: init (API version 7.45)
[    0.430826] integrity: Platform Keyring initialized
[    0.430830] integrity: Machine keyring initialized
[    0.444589] xor: automatically using best checksumming function   avx       
[    0.444593] Key type asymmetric registered
[    0.444595] Asymmetric key parser 'x509' registered
[    0.444623] Block layer SCSI generic (bsg) driver version 0.4 loaded (major 245)
[    0.444716] io scheduler mq-deadline registered
[    0.444719] io scheduler kyber registered
[    0.444741] io scheduler bfq registered
[    0.446060] ledtrig-cpu: registered to indicate activity on CPUs
[    0.446200] pcieport 0000:00:01.1: PME: Signaling with IRQ 28
[    0.446363] pcieport 0000:00:02.1: PME: Signaling with IRQ 29
[    0.446500] pcieport 0000:00:02.2: PME: Signaling with IRQ 30
[    0.446647] pcieport 0000:00:02.4: PME: Signaling with IRQ 31
[    0.446801] pcieport 0000:00:08.1: PME: Signaling with IRQ 32
[    0.447038] pcieport 0000:00:08.2: PME: Signaling with IRQ 33
[    0.448147] ACPI: AC: AC Adapter [ACAD] (off-line)
[    0.448227] input: Power Button as /devices/LNXSYSTM:00/LNXSYBUS:00/PNP0C0C:00/input/input0
[    0.448258] ACPI: button: Power Button [PWRB]
[    0.448310] input: Sleep Button as /devices/LNXSYSTM:00/LNXSYBUS:00/PNP0C0E:00/input/input1
[    0.448337] ACPI: button: Sleep Button [SLPB]
[    0.448382] input: Lid Switch as /devices/LNXSYSTM:00/LNXSYBUS:00/PNP0C0D:00/input/input2
[    0.449832] ACPI: button: Lid Switch [LID0]
[    0.449888] input: Power Button as /devices/LNXSYSTM:00/LNXPWRBN:00/input/input3
[    0.449935] ACPI: button: Power Button [PWRF]
[    0.450439] Monitor-Mwait will be used to enter C-1 state
[    0.450447] ACPI: FW issue: working around C-state latencies out of order
[    0.450555] ACPI: FW issue: working around C-state latencies out of order
[    0.450671] ACPI: FW issue: working around C-state latencies out of order
[    0.450786] ACPI: FW issue: working around C-state latencies out of order
[    0.450911] ACPI: FW issue: working around C-state latencies out of order
[    0.451130] ACPI: FW issue: working around C-state latencies out of order
[    0.451348] ACPI: FW issue: working around C-state latencies out of order
[    0.451588] ACPI: FW issue: working around C-state latencies out of order
[    0.451828] ACPI: FW issue: working around C-state latencies out of order
[    0.452106] ACPI: FW issue: working around C-state latencies out of order
[    0.452372] ACPI: FW issue: working around C-state latencies out of order
[    0.452642] ACPI: FW issue: working around C-state latencies out of order
[    0.452917] ACPI: FW issue: working around C-state latencies out of order
[    0.453158] ACPI: FW issue: working around C-state latencies out of order
[    0.453399] ACPI: FW issue: working around C-state latencies out of order
[    0.453659] ACPI: FW issue: working around C-state latencies out of order
[    0.453840] Could not retrieve perf counters (-19)
[    0.454684] ACPI BIOS Error (bug): Could not resolve symbol [\_TZ.THRM._SCP.CTYP], AE_NOT_FOUND (20250807/psargs-332)
[    0.454697] ACPI Error: Aborting method \_TZ.THRM._SCP due to previous error (AE_NOT_FOUND) (20250807/psparse-529)
[    0.454769] ACPI: \_TZ_.THRM: _PSL evaluation failure
[    0.454820] ACPI: \_TZ_.THRM: _AL0 evaluation failure
[    0.455125] thermal LNXTHERM:00: registered as thermal_zone0
[    0.455128] ACPI: thermal: Thermal Zone [THRM] (31 C)
[    0.455436] Serial: 8250/16550 driver, 32 ports, IRQ sharing enabled
[    0.456167] ACPI: battery: Slot [BAT1] (battery present)
[    0.459840] Non-volatile memory driver v1.3
[    0.459843] Linux agpgart interface v0.103
[    0.518393] Freeing initrd memory: 145360K
[    0.843261] tpm_crb MSFT0101:00: Disabling hwrng
[    0.843711] ACPI: bus type drm_connector registered
[    0.846171] ahci 0000:06:00.0: AHCI vers 0001.0301, 32 command slots, 6 Gbps, SATA mode
[    0.846175] ahci 0000:06:00.0: 1/1 ports implemented (port mask 0x1)
[    0.846177] ahci 0000:06:00.0: flags: 64bit ncq sntf ilck pm led clo only pmp fbs pio slum part 
[    0.846433] scsi host0: ahci
[    0.846507] ata1: SATA max UDMA/133 abar m2048@0xfc601000 port 0xfc601100 irq 35 lpm-pol 3
[    0.846643] ahci 0000:06:00.1: AHCI vers 0001.0301, 32 command slots, 6 Gbps, SATA mode
[    0.846647] ahci 0000:06:00.1: 1/1 ports implemented (port mask 0x1)
[    0.846649] ahci 0000:06:00.1: flags: 64bit ncq sntf ilck pm led clo only pmp fbs pio slum part 
[    0.846898] scsi host1: ahci
[    0.846954] ata2: SATA max UDMA/133 abar m2048@0xfc600000 port 0xfc600100 irq 37 lpm-pol 3
[    0.847149] xhci_hcd 0000:01:00.2: xHCI Host Controller
[    0.847155] xhci_hcd 0000:01:00.2: new USB bus registered, assigned bus number 1
[    0.847755] xhci_hcd 0000:01:00.2: hcc params 0x0180ff05 hci version 0x110 quirks 0x0000000000000010
[    0.848018] xhci_hcd 0000:01:00.2: xHCI Host Controller
[    0.848025] xhci_hcd 0000:01:00.2: new USB bus registered, assigned bus number 2
[    0.848032] xhci_hcd 0000:01:00.2: Host supports USB 3.1 Enhanced SuperSpeed
[    0.848131] usb usb1: New USB device found, idVendor=1d6b, idProduct=0002, bcdDevice= 6.18
[    0.848137] usb usb1: New USB device strings: Mfr=3, Product=2, SerialNumber=1
[    0.848142] usb usb1: Product: xHCI Host Controller
[    0.848147] usb usb1: Manufacturer: Linux 6.18.18-1-MANJARO xhci-hcd
[    0.848151] usb usb1: SerialNumber: 0000:01:00.2
[    0.848406] hub 1-0:1.0: USB hub found
[    0.848421] hub 1-0:1.0: 2 ports detected
[    0.848853] usb usb2: We don't know the algorithms for LPM for this host, disabling LPM.
[    0.848878] usb usb2: New USB device found, idVendor=1d6b, idProduct=0003, bcdDevice= 6.18
[    0.848880] usb usb2: New USB device strings: Mfr=3, Product=2, SerialNumber=1
[    0.848882] usb usb2: Product: xHCI Host Controller
[    0.848884] usb usb2: Manufacturer: Linux 6.18.18-1-MANJARO xhci-hcd
[    0.848886] usb usb2: SerialNumber: 0000:01:00.2
[    0.848996] hub 2-0:1.0: USB hub found
[    0.849007] hub 2-0:1.0: 4 ports detected
[    0.849854] xhci_hcd 0000:05:00.3: xHCI Host Controller
[    0.849859] xhci_hcd 0000:05:00.3: new USB bus registered, assigned bus number 3
[    0.849944] xhci_hcd 0000:05:00.3: hcc params 0x0268ffe5 hci version 0x110 quirks 0x0000020000000010
[    0.850207] xhci_hcd 0000:05:00.3: xHCI Host Controller
[    0.850210] xhci_hcd 0000:05:00.3: new USB bus registered, assigned bus number 4
[    0.850213] xhci_hcd 0000:05:00.3: Host supports USB 3.1 Enhanced SuperSpeed
[    0.850259] usb usb3: New USB device found, idVendor=1d6b, idProduct=0002, bcdDevice= 6.18
[    0.850262] usb usb3: New USB device strings: Mfr=3, Product=2, SerialNumber=1
[    0.850264] usb usb3: Product: xHCI Host Controller
[    0.850266] usb usb3: Manufacturer: Linux 6.18.18-1-MANJARO xhci-hcd
[    0.850268] usb usb3: SerialNumber: 0000:05:00.3
[    0.850420] hub 3-0:1.0: USB hub found
[    0.850428] hub 3-0:1.0: 4 ports detected
[    0.851345] usb usb4: We don't know the algorithms for LPM for this host, disabling LPM.
[    0.851370] usb usb4: New USB device found, idVendor=1d6b, idProduct=0003, bcdDevice= 6.18
[    0.851373] usb usb4: New USB device strings: Mfr=3, Product=2, SerialNumber=1
[    0.851375] usb usb4: Product: xHCI Host Controller
[    0.851377] usb usb4: Manufacturer: Linux 6.18.18-1-MANJARO xhci-hcd
[    0.851379] usb usb4: SerialNumber: 0000:05:00.3
[    0.851496] hub 4-0:1.0: USB hub found
[    0.851504] hub 4-0:1.0: 2 ports detected
[    0.852191] xhci_hcd 0000:05:00.4: xHCI Host Controller
[    0.852196] xhci_hcd 0000:05:00.4: new USB bus registered, assigned bus number 5
[    0.852277] xhci_hcd 0000:05:00.4: hcc params 0x0268ffe5 hci version 0x110 quirks 0x0000020000000010
[    0.852551] xhci_hcd 0000:05:00.4: xHCI Host Controller
[    0.852555] xhci_hcd 0000:05:00.4: new USB bus registered, assigned bus number 6
[    0.852557] xhci_hcd 0000:05:00.4: Host supports USB 3.1 Enhanced SuperSpeed
[    0.852595] usb usb5: New USB device found, idVendor=1d6b, idProduct=0002, bcdDevice= 6.18
[    0.852597] usb usb5: New USB device strings: Mfr=3, Product=2, SerialNumber=1
[    0.852600] usb usb5: Product: xHCI Host Controller
[    0.852602] usb usb5: Manufacturer: Linux 6.18.18-1-MANJARO xhci-hcd
[    0.852604] usb usb5: SerialNumber: 0000:05:00.4
[    0.852728] hub 5-0:1.0: USB hub found
[    0.852737] hub 5-0:1.0: 4 ports detected
[    0.853729] usb usb6: We don't know the algorithms for LPM for this host, disabling LPM.
[    0.853754] usb usb6: New USB device found, idVendor=1d6b, idProduct=0003, bcdDevice= 6.18
[    0.853757] usb usb6: New USB device strings: Mfr=3, Product=2, SerialNumber=1
[    0.853759] usb usb6: Product: xHCI Host Controller
[    0.853761] usb usb6: Manufacturer: Linux 6.18.18-1-MANJARO xhci-hcd
[    0.853763] usb usb6: SerialNumber: 0000:05:00.4
[    0.853921] hub 6-0:1.0: USB hub found
[    0.853928] hub 6-0:1.0: 2 ports detected
[    0.854492] usbcore: registered new interface driver usbserial_generic
[    0.854499] usbserial: USB Serial support registered for generic
[    0.854524] i8042: PNP: PS/2 Controller [PNP0303:PS2K] at 0x60,0x64 irq 1
[    0.854527] i8042: PNP: PS/2 appears to have AUX port disabled, if this is incorrect please boot with i8042.nopnp
[    0.855836] serio: i8042 KBD port at 0x60,0x64 irq 1
[    0.856151] rtc_cmos 00:01: RTC can wake from S4
[    0.856436] rtc_cmos 00:01: registered as rtc0
[    0.856465] rtc_cmos 00:01: setting system clock to 2026-04-09T09:42:55 UTC (1775727775)
[    0.856494] rtc_cmos 00:01: alarms up to one month, y3k, 114 bytes nvram
[    0.856552] amd_pstate: the _CPC object is not present in SBIOS or ACPI disabled
[    0.856970] simple-framebuffer simple-framebuffer.0: [drm] Registered 1 planes with drm panic
[    0.856972] [drm] Initialized simpledrm 1.0.0 for simple-framebuffer.0 on minor 0
[    0.858505] input: AT Translated Set 2 keyboard as /devices/platform/i8042/serio0/input/input4
[    0.859888] fbcon: Deferring console take-over
[    0.859892] simple-framebuffer simple-framebuffer.0: [drm] fb0: simpledrmdrmfb frame buffer device
[    0.859957] hid: raw HID events driver (C) Jiri Kosina
[    0.859993] usbcore: registered new interface driver usbhid
[    0.859995] usbhid: USB HID core driver
[    0.860101] drop_monitor: Initializing network drop monitor service
[    0.860215] NET: Registered PF_INET6 protocol family
[    0.860789] Segment Routing with IPv6
[    0.860795] RPL Segment Routing with IPv6
[    0.860815] In-situ OAM (IOAM) with IPv6
[    0.860859] NET: Registered PF_PACKET protocol family
[    0.863685] microcode: Current revision: 0x0860010d
[    0.863694] microcode: Updated early from: 0x08600104
[    0.864627] resctrl: L3 allocation detected
[    0.864631] resctrl: MB allocation detected
[    0.864639] resctrl: L3 monitoring detected
[    0.864688] IPI shorthand broadcast: enabled
[    0.868649] sched_clock: Marking stable (867315871, 1319577)->(884355193, -15719745)
[    0.868903] registered taskstats version 1
[    0.869933] Loading compiled-in X.509 certificates
[    0.876958] Loaded X.509 cert 'Build time autogenerated kernel key: b9da1c8fe6adae7a83dfbac132832f8701cf687b'
[    0.881153] zswap: loaded using pool zstd
[    0.881256] Demotion targets for Node 0: null
[    0.881550] Key type .fscrypt registered
[    0.881553] Key type fscrypt-provisioning registered
[    0.881910] Btrfs loaded, zoned=yes, fsverity=yes
[    0.881952] Key type big_key registered
[    0.881954] AppArmor: AppArmor sha256 policy hashing enabled
[    0.882605] PM:   Magic number: 6:301:727
[    0.882644] xhci_hcd 0000:01:00.2: hash matches
[    0.883776] RAS: Correctable Errors collector initialized.
[    1.091454] usb 5-1: new full-speed USB device number 2 using xhci_hcd
[    1.091493] usb 3-3: new full-speed USB device number 2 using xhci_hcd
[    1.154371] ata1: SATA link down (SStatus 0 SControl 300)
[    1.156233] ata2: SATA link down (SStatus 0 SControl 300)
[    1.156404] clk: Disabling unused clocks
[    1.156415] PM: genpd: Disabling unused power domains
[    1.160581] Freeing unused decrypted memory: 2028K
[    1.161420] Freeing unused kernel image (initmem) memory: 4736K
[    1.161446] Write protecting the kernel read-only data: 36864k
[    1.161806] Freeing unused kernel image (text/rodata gap) memory: 200K
[    1.161876] Freeing unused kernel image (rodata/data gap) memory: 16K
[    1.219148] x86/mm: Checked W+X mappings: passed, no W+X pages found.
[    1.219153] rodata_test: all tests were successful
[    1.219161] Run /init as init process
[    1.219162]   with arguments:
[    1.219164]     /init
[    1.219166]   with environment:
[    1.219167]     HOME=/
[    1.219169]     TERM=linux
[    1.234631] usb 5-1: New USB device found, idVendor=13d3, idProduct=3548, bcdDevice= 0.00
[    1.234642] usb 5-1: New USB device strings: Mfr=1, Product=2, SerialNumber=3
[    1.234647] usb 5-1: Product: Bluetooth Radio
[    1.234652] usb 5-1: Manufacturer: Realtek
[    1.234656] usb 5-1: SerialNumber: 00e04c000001
[    1.238271] usb 3-3: New USB device found, idVendor=046d, idProduct=c534, bcdDevice=29.01
[    1.238277] usb 3-3: New USB device strings: Mfr=1, Product=2, SerialNumber=0
[    1.238279] usb 3-3: Product: USB Receiver
[    1.238281] usb 3-3: Manufacturer: Logitech
[    1.268204] input: Logitech USB Receiver as /devices/pci0000:00/0000:00:08.1/0000:05:00.3/usb3/3-3/3-3:1.0/0003:046D:C534.0001/input/input5
[    1.284202] ACPI: video: Video Device [VGA] (multi-head: yes  rom: no  post: no)
[    1.284525] input: Video Bus as /devices/LNXSYSTM:00/LNXSYBUS:00/PNP0A08:00/device:10/LNXVIDEO:00/input/input6
[    1.334778] hid-generic 0003:046D:C534.0001: input,hidraw0: USB HID v1.11 Keyboard [Logitech USB Receiver] on usb-0000:05:00.3-3/input0
[    1.341171] input: Logitech USB Receiver Mouse as /devices/pci0000:00/0000:00:08.1/0000:05:00.3/usb3/3-3/3-3:1.1/0003:046D:C534.0002/input/input7
[    1.341320] input: Logitech USB Receiver Consumer Control as /devices/pci0000:00/0000:00:08.1/0000:05:00.3/usb3/3-3/3-3:1.1/0003:046D:C534.0002/input/input8
[    1.391653] input: Logitech USB Receiver System Control as /devices/pci0000:00/0000:00:08.1/0000:05:00.3/usb3/3-3/3-3:1.1/0003:046D:C534.0002/input/input9
[    1.391927] hid-generic 0003:046D:C534.0002: input,hiddev96,hidraw1: USB HID v1.11 Mouse [Logitech USB Receiver] on usb-0000:05:00.3-3/input1
[    1.429403] clocksource: tsc: mask: 0xffffffffffffffff max_cycles: 0x29b8e0c552c, max_idle_ns: 440795306818 ns
[    1.483097] clocksource: Switched to clocksource tsc
[    1.522978] logitech-djreceiver 0003:046D:C534.0001: hidraw0: USB HID v1.11 Keyboard [Logitech USB Receiver] on usb-0000:05:00.3-3/input0
[    1.594373] usb 3-4: new high-speed USB device number 3 using xhci_hcd
[    1.602181] logitech-djreceiver 0003:046D:C534.0002: hiddev96,hidraw1: USB HID v1.11 Mouse [Logitech USB Receiver] on usb-0000:05:00.3-3/input1
[    1.656297] logitech-djreceiver 0003:046D:C534.0002: device of type eQUAD nano Lite (0x0a) connected on slot 2
[    1.657002] input: Logitech Wireless Mouse PID:4054 Mouse as /devices/pci0000:00/0000:00:08.1/0000:05:00.3/usb3/3-3/3-3:1.1/0003:046D:C534.0002/0003:046D:4054.0003/input/input12
[    1.657339] input: Logitech Wireless Mouse PID:4054 Consumer Control as /devices/pci0000:00/0000:00:08.1/0000:05:00.3/usb3/3-3/3-3:1.1/0003:046D:C534.0002/0003:046D:4054.0003/input/input13
[    1.657515] hid-generic 0003:046D:4054.0003: input,hidraw2: USB HID v1.11 Mouse [Logitech Wireless Mouse PID:4054] on usb-0000:05:00.3-3/input1:2
[    1.741163] usb 3-4: New USB device found, idVendor=13d3, idProduct=56a2, bcdDevice=19.02
[    1.741173] usb 3-4: New USB device strings: Mfr=3, Product=1, SerialNumber=2
[    1.741179] usb 3-4: Product: USB2.0 HD UVC WebCam
[    1.741184] usb 3-4: Manufacturer: Azurewave
[    1.741189] usb 3-4: SerialNumber: 0x0001
[    4.401285] amdgpu: vga_switcheroo: detected switching method \_SB_.PCI0.GP17.VGA_.ATPX handle
[    4.401892] amdgpu: ATPX version 1, functions 0x00000201
[    4.401962] amdgpu: ATPX Hybrid Graphics
[    4.406128] amdgpu: Virtual CRAT table created for CPU
[    4.406149] amdgpu: Topology: Add CPU node
[    4.406355] amdgpu 0000:05:00.0: enabling device (0006 -> 0007)
[    4.406424] amdgpu 0000:05:00.0: amdgpu: initializing kernel modesetting (RENOIR 0x1002:0x1636 0x1043:0x16FF 0xC6).
[    4.406853] amdgpu 0000:05:00.0: amdgpu: register mmio base: 0xFC500000
[    4.406855] amdgpu 0000:05:00.0: amdgpu: register mmio size: 524288
[    4.411175] amdgpu 0000:05:00.0: amdgpu: detected ip block number 0 <common_v2_0_0> (soc15_common)
[    4.411181] amdgpu 0000:05:00.0: amdgpu: detected ip block number 1 <gmc_v9_0_0> (gmc_v9_0)
[    4.411186] amdgpu 0000:05:00.0: amdgpu: detected ip block number 2 <ih_v4_0_0> (vega10_ih)
[    4.411189] amdgpu 0000:05:00.0: amdgpu: detected ip block number 3 <psp_v12_0_0> (psp)
[    4.411193] amdgpu 0000:05:00.0: amdgpu: detected ip block number 4 <smu_v12_0_0> (smu)
[    4.411197] amdgpu 0000:05:00.0: amdgpu: detected ip block number 5 <dce_v1_0_0> (dm)
[    4.411201] amdgpu 0000:05:00.0: amdgpu: detected ip block number 6 <gfx_v9_0_0> (gfx_v9_0)
[    4.411205] amdgpu 0000:05:00.0: amdgpu: detected ip block number 7 <sdma_v4_0_0> (sdma_v4_0)
[    4.411209] amdgpu 0000:05:00.0: amdgpu: detected ip block number 8 <vcn_v2_0_0> (vcn_v2_0)
[    4.411212] amdgpu 0000:05:00.0: amdgpu: detected ip block number 9 <jpeg_v2_0_0> (jpeg_v2_0)
[    4.411234] amdgpu 0000:05:00.0: amdgpu: Fetched VBIOS from VFCT
[    4.411238] amdgpu: ATOM BIOS: 113-RENOIR-025
[    4.446781] input: Logitech Wireless Mouse as /devices/pci0000:00/0000:00:08.1/0000:05:00.3/usb3/3-3/3-3:1.1/0003:046D:C534.0002/0003:046D:4054.0003/input/input17
[    4.446988] logitech-hidpp-device 0003:046D:4054.0003: input,hidraw2: USB HID v1.11 Mouse [Logitech Wireless Mouse] on usb-0000:05:00.3-3/input1:2
[    4.477909] amdgpu 0000:05:00.0: vgaarb: deactivate vga console
[    4.477925] amdgpu 0000:05:00.0: amdgpu: Trusted Memory Zone (TMZ) feature enabled
[    4.477937] amdgpu 0000:05:00.0: amdgpu: MODE2 reset
[    4.478315] amdgpu 0000:05:00.0: amdgpu: vm size is 262144 GB, 4 levels, block size is 9-bit, fragment size is 9-bit
[    4.478349] amdgpu 0000:05:00.0: amdgpu: VRAM: 512M 0x000000F400000000 - 0x000000F41FFFFFFF (512M used)
[    4.478357] amdgpu 0000:05:00.0: amdgpu: GART: 1024M 0x0000000000000000 - 0x000000003FFFFFFF
[    4.478378] [drm] Detected VRAM RAM=512M, BAR=512M
[    4.478384] [drm] RAM width 128bits DDR4
[    4.478768] amdgpu 0000:05:00.0: amdgpu: amdgpu: 512M of VRAM memory ready
[    4.478774] amdgpu 0000:05:00.0: amdgpu: amdgpu: 7699M of GTT memory ready.
[    4.478803] [drm] GART: num cpu pages 262144, num gpu pages 262144
[    4.478979] [drm] PCIE GART of 1024M enabled.
[    4.478982] [drm] PTB located at 0x000000F41FC00000
[    4.479799] amdgpu 0000:05:00.0: amdgpu: [drm] Loading DMUB firmware via PSP: version=0x0101002B
[    4.480587] amdgpu 0000:05:00.0: amdgpu: [VCN instance 0] Found VCN firmware Version ENC: 1.24 DEC: 8 VEP: 0 Revision: 9
[    4.481713] amdgpu 0000:05:00.0: amdgpu: reserve 0x400000 from 0xf41f800000 for PSP TMR
[    4.578484] amdgpu 0000:05:00.0: amdgpu: RAS: optional ras ta ucode is not available
[    4.588595] amdgpu 0000:05:00.0: amdgpu: RAP: optional rap ta ucode is not available
[    4.593839] amdgpu 0000:05:00.0: amdgpu: psp gfx command LOAD_TA(0x1) failed and response status is (0x7)
[    4.594062] amdgpu 0000:05:00.0: amdgpu: SMU is initialized successfully!
[    4.595185] amdgpu 0000:05:00.0: amdgpu: [drm] Display Core v3.2.351 initialized on DCN 2.1
[    4.595198] amdgpu 0000:05:00.0: amdgpu: [drm] DP-HDMI FRL PCON supported
[    4.595967] amdgpu 0000:05:00.0: amdgpu: [drm] DMUB hardware initialized: version=0x0101002B
[    4.684416] amdgpu 0000:05:00.0: amdgpu: kiq ring mec 2 pipe 1 q 0
[    4.691673] kfd kfd: amdgpu: Allocated 3969056 bytes on gart
[    4.691700] kfd kfd: amdgpu: Total number of KFD nodes to be created: 1
[    4.691944] amdgpu: Virtual CRAT table created for GPU
[    4.692042] amdgpu: Topology: Add dGPU node [0x1636:0x1002]
[    4.692045] kfd kfd: amdgpu: added device 1002:1636
[    4.692058] amdgpu 0000:05:00.0: amdgpu: SE 1, SH per SE 1, CU per SH 8, active_cu_number 7
[    4.692064] amdgpu 0000:05:00.0: amdgpu: ring gfx uses VM inv eng 0 on hub 0
[    4.692067] amdgpu 0000:05:00.0: amdgpu: ring comp_1.0.0 uses VM inv eng 1 on hub 0
[    4.692069] amdgpu 0000:05:00.0: amdgpu: ring comp_1.1.0 uses VM inv eng 4 on hub 0
[    4.692071] amdgpu 0000:05:00.0: amdgpu: ring comp_1.2.0 uses VM inv eng 5 on hub 0
[    4.692073] amdgpu 0000:05:00.0: amdgpu: ring comp_1.3.0 uses VM inv eng 6 on hub 0
[    4.692075] amdgpu 0000:05:00.0: amdgpu: ring comp_1.0.1 uses VM inv eng 7 on hub 0
[    4.692078] amdgpu 0000:05:00.0: amdgpu: ring comp_1.1.1 uses VM inv eng 8 on hub 0
[    4.692080] amdgpu 0000:05:00.0: amdgpu: ring comp_1.2.1 uses VM inv eng 9 on hub 0
[    4.692082] amdgpu 0000:05:00.0: amdgpu: ring comp_1.3.1 uses VM inv eng 10 on hub 0
[    4.692084] amdgpu 0000:05:00.0: amdgpu: ring kiq_0.2.1.0 uses VM inv eng 11 on hub 0
[    4.692086] amdgpu 0000:05:00.0: amdgpu: ring sdma0 uses VM inv eng 0 on hub 8
[    4.692088] amdgpu 0000:05:00.0: amdgpu: ring vcn_dec uses VM inv eng 1 on hub 8
[    4.692090] amdgpu 0000:05:00.0: amdgpu: ring vcn_enc0 uses VM inv eng 4 on hub 8
[    4.692092] amdgpu 0000:05:00.0: amdgpu: ring vcn_enc1 uses VM inv eng 5 on hub 8
[    4.692094] amdgpu 0000:05:00.0: amdgpu: ring jpeg_dec uses VM inv eng 6 on hub 8
[    4.693364] amdgpu 0000:05:00.0: amdgpu: Runtime PM not available
[    4.693801] amdgpu 0000:05:00.0: amdgpu: [drm] Using custom brightness curve
[    4.693993] amdgpu 0000:05:00.0: [drm] Registered 4 planes with drm panic
[    4.693996] [drm] Initialized amdgpu 3.64.0 for 0000:05:00.0 on minor 1
[    4.698289] fbcon: amdgpudrmfb (fb0) is primary device
[    4.698293] fbcon: Deferring console take-over
[    4.698298] amdgpu 0000:05:00.0: [drm] fb0: amdgpudrmfb frame buffer device
[    4.972922] Key type psk registered
[    4.996603] nvme nvme0: pci function 0000:04:00.0
[    5.005420] nvme nvme0: 8/0/0 default/read/poll queues
[    5.009660]  nvme0n1: p1 p2 p3 p4 p5 p6 p7
[    5.063460] PM: Image not found (code -22)
[    5.063493] fbcon: Taking over console
[    5.063822] [drm] pre_validate_dsc:1667 MST_DSC dsc precompute is not needed
[    5.081411] Console: switching to colour frame buffer device 240x67
[    5.116051] EXT4-fs (nvme0n1p7): warning: mounting fs with errors, running e2fsck is recommended
[    5.122350] EXT4-fs (nvme0n1p7): mounted filesystem 0c7e5d80-1f7d-4a21-960e-18abb6ccc3a4 r/w with ordered data mode. Quota mode: none.
[    5.271746] systemd[1]: systemd 259.5-1-manjaro running in system mode (+PAM +AUDIT -SELINUX +APPARMOR -IMA +IPE +SMACK +SECCOMP +GCRYPT +GNUTLS +OPENSSL +ACL +BLKID +CURL +ELFUTILS +FIDO2 +IDN2 -IDN +KMOD +LIBCRYPTSETUP +LIBCRYPTSETUP_PLUGINS +LIBFDISK +PCRE2 +PWQUALITY +P11KIT +QRENCODE +TPM2 +BZIP2 +LZ4 +XZ +ZLIB +ZSTD +BPF_FRAMEWORK +BTF +XKBCOMMON +UTMP -SYSVINIT +LIBARCHIVE)
[    5.271756] systemd[1]: Detected architecture x86-64.
[    5.274864] systemd[1]: Hostname set to <user-lap>.
[    5.448553] systemd[1]: bpf-restrict-fs: LSM BPF program attached
[    5.844623] systemd[1]: Queued start job for default target Graphical Interface.
[    5.875178] systemd[1]: Created slice Slice /system/dirmngr.
[    5.875984] systemd[1]: Created slice Slice /system/getty.
[    5.876708] systemd[1]: Created slice Slice /system/gpg-agent.
[    5.877497] systemd[1]: Created slice Slice /system/gpg-agent-browser.
[    5.878219] systemd[1]: Created slice Slice /system/gpg-agent-extra.
[    5.878937] systemd[1]: Created slice Slice /system/gpg-agent-ssh.
[    5.879664] systemd[1]: Created slice Slice /system/keyboxd.
[    5.880388] systemd[1]: Created slice Slice /system/modprobe.
[    5.881098] systemd[1]: Created slice Slice /system/systemd-fsck.
[    5.881742] systemd[1]: Created slice User and Session Slice.
[    5.881851] systemd[1]: Started Dispatch Password Requests to Console Directory Watch.
[    5.881919] systemd[1]: Started Forward Password Requests to Wall Directory Watch.
[    5.882222] systemd[1]: Set up automount Arbitrary Executable File Formats File System Automount Point.
[    5.882253] systemd[1]: Expecting device /dev/disk/by-uuid/4E4C-AEF5...
[    5.882264] systemd[1]: Expecting device /dev/disk/by-uuid/78d180fd-5b45-4aef-9304-ac4e6368bb18...
[    5.882283] systemd[1]: Reached target Local Encrypted Volumes.
[    5.882304] systemd[1]: Reached target Login Prompts.
[    5.882331] systemd[1]: Reached target Image Downloads.
[    5.882345] systemd[1]: Reached target Local Integrity Protected Volumes.
[    5.882376] systemd[1]: Reached target Path Units.
[    5.882395] systemd[1]: Reached target Remote File Systems.
[    5.882412] systemd[1]: Reached target Slice Units.
[    5.882431] systemd[1]: Reached target Mounting snaps.
[    5.882446] systemd[1]: Reached target Mounted snaps.
[    5.882486] systemd[1]: Reached target Local Verity Protected Volumes.
[    5.882598] systemd[1]: Listening on Device-mapper event daemon FIFOs.
[    5.882731] systemd[1]: Listening on LVM2 poll daemon socket.
[    5.884188] systemd[1]: Listening on Query the User Interactively for a Password.
[    5.885537] systemd[1]: Listening on Process Core Dump Socket.
[    5.886395] systemd[1]: Listening on Credential Encryption/Decryption.
[    5.887612] systemd[1]: Listening on Factory Reset Management.
[    5.887747] systemd[1]: Listening on Journal Socket (/dev/log).
[    5.887859] systemd[1]: Listening on Journal Sockets.
[    5.889197] systemd[1]: Listening on Console Output Muting Service Socket.
[    5.889261] systemd[1]: TPM PCR Measurements skipped, unmet condition check ConditionSecurity=measured-uki
[    5.889284] systemd[1]: Make TPM PCR Policy skipped, unmet condition check ConditionSecurity=measured-uki
[    5.890161] systemd[1]: Listening on Disk Repartitioning Service Socket.
[    5.890265] systemd[1]: Listening on udev Control Socket.
[    5.890345] systemd[1]: Listening on udev Kernel Socket.
[    5.890432] systemd[1]: Listening on udev Varlink Socket.
[    5.892095] systemd[1]: Mounting Huge Pages File System...
[    5.893743] systemd[1]: Mounting POSIX Message Queue File System...
[    5.896213] systemd[1]: Mounting Kernel Debug File System...
[    5.897617] systemd[1]: Mounting Kernel Trace File System...
[    5.899283] systemd[1]: Starting Load AppArmor profiles...
[    5.901124] systemd[1]: Starting Create List of Static Device Nodes...
[    5.902869] systemd[1]: Starting Monitoring of LVM2 mirrors, snapshots etc. using dmeventd or progress polling...
[    5.902920] systemd[1]: Load Kernel Module configfs skipped, unmet condition check ConditionKernelModuleLoaded=!configfs
[    5.904269] systemd[1]: Mounting Kernel Configuration File System...
[    5.904342] systemd[1]: Load Kernel Module drm skipped, unmet condition check ConditionKernelModuleLoaded=!drm
[    5.904398] systemd[1]: Load Kernel Module fuse skipped, unmet condition check ConditionKernelModuleLoaded=!fuse
[    5.905776] systemd[1]: Mounting FUSE Control File System...
[    5.905880] systemd[1]: File System Check on Root Device skipped, unmet condition check ConditionPathIsReadWrite=!/
[    5.905932] systemd[1]: Clear Stale Hibernate Storage Info skipped, unmet condition check ConditionPathExists=/sys/firmware/efi/efivars/HibernateLocation-8cf2644b-4b0b-428f-9387-6d876050dc67
[    5.908924] systemd[1]: Starting Load Kernel Modules...
[    5.908977] systemd[1]: TPM PCR Machine ID Measurement skipped, unmet condition check ConditionSecurity=measured-uki
[    5.909032] systemd[1]: TPM NvPCR Product ID Measurement skipped, unmet condition check ConditionSecurity=measured-uki
[    5.910933] systemd[1]: Starting Remount Root and Kernel File Systems...
[    5.911021] systemd[1]: Early TPM SRK Setup skipped, unmet condition check ConditionSecurity=measured-uki
[    5.912774] systemd[1]: Starting Load udev Rules from Credentials...
[    5.914785] systemd[1]: Starting Coldplug All udev Devices...
[    5.919162] systemd[1]: Mounted Huge Pages File System.
[    5.919378] systemd[1]: Mounted POSIX Message Queue File System.
[    5.919599] systemd[1]: Mounted Kernel Debug File System.
[    5.919771] systemd[1]: Mounted Kernel Trace File System.
[    5.920313] systemd[1]: Finished Create List of Static Device Nodes.
[    5.924895] systemd[1]: Mounted Kernel Configuration File System.
[    5.925101] systemd[1]: Mounted FUSE Control File System.
[    5.927010] systemd[1]: Starting Create Static Device Nodes in /dev gracefully...
[    5.934182] systemd[1]: Finished Load udev Rules from Credentials.
[    5.939858] EXT4-fs (nvme0n1p7): re-mounted 0c7e5d80-1f7d-4a21-960e-18abb6ccc3a4.
[    5.942077] systemd[1]: Finished Remount Root and Kernel File Systems.
[    5.942833] systemd[1]: Rebuild Hardware Database skipped, no trigger condition checks were met.
[    5.945192] systemd[1]: Starting Load/Save OS Random Seed...
[    5.945240] systemd[1]: TPM SRK Setup skipped, unmet condition check ConditionSecurity=measured-uki
[    5.945274] systemd[1]: TPM PCR NvPCR Initialization Separator skipped, unmet condition check ConditionSecurity=measured-uki
[    5.956013] audit: type=1400 audit(1775727780.598:2): apparmor="STATUS" operation="profile_load" profile="unconfined" name="ch-checkns" pid=438 comm="apparmor_parser"
[    5.956421] audit: type=1400 audit(1775727780.598:3): apparmor="STATUS" operation="profile_load" profile="unconfined" name="vscode" pid=442 comm="apparmor_parser"
[    5.956434] audit: type=1400 audit(1775727780.598:4): apparmor="STATUS" operation="profile_load" profile="unconfined" name="ch-run" pid=439 comm="apparmor_parser"
[    5.956440] audit: type=1400 audit(1775727780.598:5): apparmor="STATUS" operation="profile_load" profile="unconfined" name="busybox" pid=436 comm="apparmor_parser"
[    5.956447] audit: type=1400 audit(1775727780.598:6): apparmor="STATUS" operation="profile_load" profile="unconfined" name=4D6F6E676F444220436F6D70617373 pid=429 comm="apparmor_parser"
[    5.956453] audit: type=1400 audit(1775727780.599:7): apparmor="STATUS" operation="profile_load" profile="unconfined" name="brave" pid=434 comm="apparmor_parser"
[    5.956458] audit: type=1400 audit(1775727780.599:8): apparmor="STATUS" operation="profile_load" profile="unconfined" name="buildah" pid=435 comm="apparmor_parser"
[    5.956463] audit: type=1400 audit(1775727780.599:9): apparmor="STATUS" operation="profile_load" profile="unconfined" name="1password" pid=427 comm="apparmor_parser"
[    5.956517] audit: type=1400 audit(1775727780.599:10): apparmor="STATUS" operation="profile_load" profile="unconfined" name="cam" pid=437 comm="apparmor_parser"
[    5.956579] audit: type=1400 audit(1775727780.599:11): apparmor="STATUS" operation="profile_load" profile="unconfined" name="Discord" pid=428 comm="apparmor_parser"
[    5.960312] device-mapper: uevent: version 1.0.3
[    5.960578] device-mapper: ioctl: 4.50.0-ioctl (2025-04-28) initialised: dm-devel@lists.linux.dev
[    5.978578] systemd[1]: Finished Load/Save OS Random Seed.
[    6.005408] systemd[1]: Finished Monitoring of LVM2 mirrors, snapshots etc. using dmeventd or progress polling.
[    6.036777] systemd[1]: Finished Create Static Device Nodes in /dev gracefully.
[    6.042706] systemd[1]: Starting Create System Users...
[    6.122704] systemd[1]: Finished Create System Users.
[    6.128186] systemd[1]: Starting Network Time Synchronization...
[    6.133903] systemd[1]: Starting Create Static Device Nodes in /dev...
[    6.228233] systemd[1]: Finished Create Static Device Nodes in /dev.
[    6.228634] systemd[1]: Reached target Preparation for Local File Systems.
[    6.228718] systemd[1]: Entropy Daemon based on the HAVEGE algorithm skipped, unmet condition check ConditionVersion=<5.6
[    6.237464] systemd[1]: Starting Journal Service...
[    6.237884] systemd[1]: Repartition Root Disk skipped, no trigger condition checks were met.
[    6.242003] systemd[1]: Starting Rule-based Manager for Device Events and Files...
[    6.274985] systemd[1]: Started Network Time Synchronization.
[    6.275291] systemd[1]: Reached target System Time Set.
[    6.305547] systemd-journald[561]: Collecting audit messages is disabled.
[    6.444311] systemd[1]: Started Rule-based Manager for Device Events and Files.
[    6.528109] systemd[1]: Started Journal Service.
[    6.543113] nvidia: loading out-of-tree module taints kernel.
[    6.543131] nvidia: module license 'NVIDIA' taints kernel.
[    6.543134] Disabling lock debugging due to kernel taint
[    6.543140] nvidia: module verification failed: signature and/or required key missing - tainting kernel
[    6.543143] nvidia: module license taints kernel.
[    6.554509] systemd-journald[561]: Received client request to flush runtime journal.
[    6.953162] Adding 19453948k swap on /dev/nvme0n1p6.  Priority:-2 extents:1 across:19453948k SS
[    7.630915] nvidia-gpu 0000:01:00.3: enabling device (0000 -> 0002)
[    7.632190] mc: Linux media interface: v0.10
[    7.632743] ccp 0000:05:00.2: enabling device (0000 -> 0002)
[    7.632851] input: PC Speaker as /devices/platform/pcspkr/input/input18
[    7.633101] ccp 0000:05:00.2: ccp: unable to access the device: you might be running a broken BIOS.
[    7.634266] ccp 0000:05:00.2: tee enabled
[    7.634426] ccp 0000:05:00.2: psp enabled
[    7.644143] ACPI: bus type thunderbolt registered
[    7.650021] acpi_cpufreq: overriding BIOS provided _PSD data
[    7.650365] nvidia-nvlink: Nvlink Core is being initialized, major device number 511

[    7.650746] RAPL PMU: API unit is 2^-32 Joules, 2 fixed counters, 163840 ms ovfl timer
[    7.650755] RAPL PMU: hw unit of domain package 2^-16 Joules
[    7.650758] RAPL PMU: hw unit of domain core 2^-16 Joules
[    7.653764] input: Asus Wireless Radio Control as /devices/LNXSYSTM:00/LNXSYBUS:00/ATK4002:00/input/input19
[    7.654919] piix4_smbus 0000:00:14.0: SMBus Host Controller at 0xb00, revision 0
[    7.654928] piix4_smbus 0000:00:14.0: Using register 0x02 for SMBus port selection
[    7.656133] i2c i2c-5: Successfully instantiated SPD at 0x50
[    7.656851] i2c i2c-5: Successfully instantiated SPD at 0x51
[    7.657224] piix4_smbus 0000:00:14.0: Auxiliary SMBus Host Controller at 0xb20
[    7.657669] mousedev: PS/2 mouse device common for all mice
[    7.671159] nvidia 0000:01:00.0: enabling device (0000 -> 0003)
[    7.671622] nvidia 0000:01:00.0: vgaarb: VGA decodes changed: olddecodes=io+mem,decodes=none:owns=none
[    7.672169] videodev: Linux video capture interface: v2.00
[    7.713537] NVRM: loading NVIDIA UNIX x86_64 Kernel Module  590.48.01  Mon Dec  8 11:22:45 UTC 2025
[    7.775223] Bluetooth: Core ver 2.22
[    7.775271] NET: Registered PF_BLUETOOTH protocol family
[    7.775275] Bluetooth: HCI device and connection manager initialized
[    7.775288] Bluetooth: HCI socket layer initialized
[    7.775294] Bluetooth: L2CAP socket layer initialized
[    7.775303] Bluetooth: SCO socket layer initialized
[    7.776493] cfg80211: Loading compiled-in X.509 certificates for regulatory database
[    7.784094] Loaded X.509 cert 'sforshee: 00b28ddf47aef9cea7'
[    7.784487] Loaded X.509 cert 'wens: 61c038651aabdcf94bd0ac7ff06c7248db18c600'
[    7.904123] input: ELAN1203:00 04F3:307A Mouse as /devices/platform/AMDI0010:03/i2c-0/i2c-ELAN1203:00/0018:04F3:307A.0004/input/input20
[    7.904433] input: ELAN1203:00 04F3:307A Touchpad as /devices/platform/AMDI0010:03/i2c-0/i2c-ELAN1203:00/0018:04F3:307A.0004/input/input21
[    7.904678] hid-generic 0018:04F3:307A.0004: input,hidraw3: I2C HID v1.00 Mouse [ELAN1203:00 04F3:307A] on i2c-ELAN1203:00
[    7.920765] sp5100_tco: SP5100/SB800 TCO WatchDog Timer Driver
[    7.922386] sp5100-tco sp5100-tco: Using 0xfeb00000 for watchdog MMIO address
[    7.922600] sp5100-tco sp5100-tco: initialized. heartbeat=60 sec (nowayout=0)
[    7.937156] nvidia_uvm: module uses symbols nvUvmInterfaceDisableAccessCntr from proprietary module nvidia, inheriting taint.
[    7.972332] ee1004 5-0050: 512 byte EE1004-compliant SPD EEPROM, read-only
[    7.973127] asus_wmi: ASUS WMI generic driver loaded
[    7.974642] ee1004 5-0051: 512 byte EE1004-compliant SPD EEPROM, read-only
[    7.974915] snd_rn_pci_acp3x 0000:05:00.5: enabling device (0000 -> 0002)
[    7.981280] nvidia-modeset: Loading NVIDIA Kernel Mode Setting Driver for UNIX platforms  590.48.01  Mon Dec  8 12:50:27 UTC 2025
[    7.986193] input: ELAN1203:00 04F3:307A Mouse as /devices/platform/AMDI0010:03/i2c-0/i2c-ELAN1203:00/0018:04F3:307A.0004/input/input22
[    7.986419] input: ELAN1203:00 04F3:307A Touchpad as /devices/platform/AMDI0010:03/i2c-0/i2c-ELAN1203:00/0018:04F3:307A.0004/input/input23
[    7.986581] hid-multitouch 0018:04F3:307A.0004: input,hidraw3: I2C HID v1.00 Mouse [ELAN1203:00 04F3:307A] on i2c-ELAN1203:00
[    8.098293] [drm] [nvidia-drm] [GPU ID 0x00000100] Loading driver
[    8.205015] usbcore: registered new interface driver btusb
[    8.207864] Bluetooth: hci0: RTL: examining hci_ver=0a hci_rev=000c lmp_ver=0a lmp_subver=8822
[    8.209869] Bluetooth: hci0: RTL: rom_version status=0 version=3
[    8.212829] Bluetooth: hci0: RTL: btrtl_initialize: key id 0
[    8.212839] Bluetooth: hci0: RTL: loading rtl_bt/rtl8822cu_fw.bin
[    8.219544] r8169 0000:02:00.0 eth0: RTL8168h/8111h, a8:5e:45:38:28:b4, XID 541, IRQ 77
[    8.219560] r8169 0000:02:00.0 eth0: jumbo features [frames: 9194 bytes, tx checksumming: ko]
[    8.219756] Bluetooth: hci0: RTL: loading rtl_bt/rtl8822cu_config.bin
[    8.221426] asus_armoury: No matching power limits found for this system
[    8.221709] Bluetooth: hci0: RTL: cfg_sz 6, total sz 38154
[    8.229016] r8169 0000:02:00.0 enp2s0: renamed from eth0
[    8.229727] uvcvideo 3-4:1.0: Found UVC 1.00 device USB2.0 HD UVC WebCam (13d3:56a2)
[    8.238720] usbcore: registered new interface driver uvcvideo
[    8.248452] kvm_amd: TSC scaling supported
[    8.248462] kvm_amd: Nested Virtualization enabled
[    8.248468] kvm_amd: Nested Paging enabled
[    8.248474] kvm_amd: LBR virtualization supported
[    8.248484] kvm_amd: SEV disabled (ASIDs 1 - 14)
[    8.248490] kvm_amd: SEV-ES disabled (ASIDs 0 - 0)
[    8.248496] kvm_amd: Virtual VMLOAD VMSAVE supported
[    8.248500] kvm_amd: Virtual GIF supported
[    8.277483] snd_hda_intel 0000:01:00.1: enabling device (0000 -> 0002)
[    8.280355] snd_hda_intel 0000:01:00.1: Disabling MSI
[    8.280377] snd_hda_intel 0000:01:00.1: Handle vga_switcheroo audio client
[    8.284507] snd_hda_intel 0000:05:00.1: enabling device (0000 -> 0002)
[    8.289024] snd_hda_intel 0000:05:00.1: Handle vga_switcheroo audio client
[    8.289165] snd_hda_intel 0000:05:00.6: enabling device (0000 -> 0002)
[    8.291555] rtw88_8822ce 0000:03:00.0: enabling device (0000 -> 0003)
[    8.310296] rtw88_8822ce 0000:03:00.0: WOW Firmware version 9.9.4, H2C version 15
[    8.314151] rtw88_8822ce 0000:03:00.0: Firmware version 9.9.15, H2C version 15
[    8.319205] asus_wmi: failed to register LPS0 sleep handler in asus-wmi
[    8.319491] asus_wmi: Initialization: 0x1
[    8.319786] asus_wmi: BIOS WMI version: 8.1
[    8.320060] asus_wmi: SFUN value: 0x4a0061
[    8.320071] asus-nb-wmi asus-nb-wmi: Detected ATK, not ASUSWMI, use DSTS
[    8.324527] snd_hda_intel 0000:05:00.1: bound 0000:05:00.0 (ops amdgpu_dm_audio_component_bind_ops [amdgpu])
[    8.326792] input: HD-Audio Generic HDMI/DP,pcm=3 as /devices/pci0000:00/0000:00:08.1/0000:05:00.1/sound/card1/input24
[    8.329834] input: HDA NVidia HDMI/DP,pcm=3 as /devices/pci0000:00/0000:00:01.1/0000:01:00.1/sound/card0/input25
[    8.330144] input: HDA NVidia HDMI/DP,pcm=7 as /devices/pci0000:00/0000:00:01.1/0000:01:00.1/sound/card0/input26
[    8.330501] input: HDA NVidia HDMI/DP,pcm=8 as /devices/pci0000:00/0000:00:01.1/0000:01:00.1/sound/card0/input27
[    8.330751] input: HDA NVidia HDMI/DP,pcm=9 as /devices/pci0000:00/0000:00:01.1/0000:01:00.1/sound/card0/input28
[    8.342108] intel_rapl_common: Found RAPL domain package
[    8.342117] intel_rapl_common: Found RAPL domain core
[    8.344655] ACPI Warning: \_SB.PCI0.GPP0.PEGP._DSM: Argument #4 type mismatch - Found [Buffer], ACPI requires [Package] (20250807/nsarguments-61)
[    8.345652] amd_atl: AMD Address Translation Library initialized
[    8.359627] rtw88_8822ce 0000:03:00.0 wlp3s0: renamed from wlan0
[    8.371775] asus-nb-wmi asus-nb-wmi: Using throttle_thermal_policy for platform_profile support
[    8.383098] snd_hda_codec_alc269 hdaudioC2D0: ALC256: picked fixup  (pin match)
[    8.383557] snd_hda_codec_alc269 hdaudioC2D0: autoconfig for ALC256: line_outs=1 (0x14/0x0/0x0/0x0/0x0) type:speaker
[    8.383565] snd_hda_codec_alc269 hdaudioC2D0:    speaker_outs=0 (0x0/0x0/0x0/0x0/0x0)
[    8.383571] snd_hda_codec_alc269 hdaudioC2D0:    hp_outs=1 (0x21/0x0/0x0/0x0/0x0)
[    8.383576] snd_hda_codec_alc269 hdaudioC2D0:    mono: mono_out=0x0
[    8.383580] snd_hda_codec_alc269 hdaudioC2D0:    inputs:
[    8.383584] snd_hda_codec_alc269 hdaudioC2D0:      Internal Mic=0x12
[    8.383588] snd_hda_codec_alc269 hdaudioC2D0:      Headset Mic=0x19
[    8.413096] input: Asus WMI hotkeys as /devices/platform/asus-nb-wmi/input/input29
[    8.422418] asus_wmi: fan_curve_get_factory_default (0x00110024) failed: -19
[    8.423673] asus_wmi: fan_curve_get_factory_default (0x00110025) failed: -19
[    8.425732] asus_wmi: fan_curve_get_factory_default (0x00110032) failed: -19
[    8.430084] asus_wmi: using asus-wmi for asus::kbd_backlight
[    8.446004] ACPI: battery: new hook: ASUS Battery Extension
[    8.552846] Bluetooth: hci0: RTL: fw version 0x06730edc
[    8.585168] input: HD-Audio Generic Headphone as /devices/pci0000:00/0000:00:08.1/0000:05:00.6/sound/card2/input30
[    8.661860] Bluetooth: hci0: AOSP extensions version v1.00
[    8.661868] Bluetooth: hci0: AOSP quality report is supported
[    8.939335] nvidia-gpu 0000:01:00.3: i2c timeout error e0000000
[    8.939350] ucsi_ccg 4-0008: i2c_transfer failed -110
[    8.939359] ucsi_ccg 4-0008: ucsi_ccg_init failed - -110
[    8.939379] ucsi_ccg 4-0008: probe with driver ucsi_ccg failed with error -110
[    9.540559] [drm] Initialized nvidia-drm 0.0.0 for 0000:01:00.0 on minor 0
[    9.541016] nvidia 0000:01:00.0: [drm] Cannot find any crtc or sizes
[    9.655947] Bluetooth: BNEP (Ethernet Emulation) ver 1.3
[    9.655956] Bluetooth: BNEP filters: protocol multicast
[    9.655966] Bluetooth: BNEP socket layer initialized
[    9.658899] Bluetooth: MGMT ver 1.23
[    9.680193] NET: Registered PF_ALG protocol family
[    9.861217] NET: Registered PF_QIPCRTR protocol family
[    9.881354] loop: module loaded
[    9.883650] loop0: detected capacity change from 0 to 8
[    9.886351] Generic FE-GE Realtek PHY r8169-0-200:00: attached PHY driver (mii_bus:phy_addr=r8169-0-200:00, irq=MAC)
[    9.903043] squashfs: version 4.0 (2009/01/31) Phillip Lougher
[   10.023646] r8169 0000:02:00.0 enp2s0: Link is Down
[   15.395333] wlp3s0: authenticate with 9e:ec:ff:7e:37:b5 (local address=70:66:55:5b:36:1b)
[   15.551970] wlp3s0: send auth to 9e:ec:ff:7e:37:b5 (try 1/3)
[   15.555417] wlp3s0: authenticated
[   15.556355] wlp3s0: associate with 9e:ec:ff:7e:37:b5 (try 1/3)
[   15.567479] wlp3s0: RX AssocResp from 9e:ec:ff:7e:37:b5 (capab=0x1431 status=0 aid=1)
[   15.567888] wlp3s0: associated
[   15.652523] wlp3s0: Limiting TX power to 23 (23 - 0) dBm as advertised by 9e:ec:ff:7e:37:b5
[   16.449709] kauditd_printk_skb: 160 callbacks suppressed
[   16.449721] audit: type=1400 audit(1775727791.092:172): apparmor="STATUS" operation="profile_load" profile="unconfined" name="docker-default" pid=1768 comm="apparmor_parser"
[   17.992535] Initializing XFRM netlink socket
[   18.079694] bridge: filtering via arp/ip/ip6tables is no longer available by default. Update your scripts to load br_netfilter if you need this.
[   18.594180] br-69d609171503: port 1(vetha0950a8) entered blocking state
[   18.594213] br-69d609171503: port 1(vetha0950a8) entered disabled state
[   18.594245] vetha0950a8: entered allmulticast mode
[   18.594507] vetha0950a8: entered promiscuous mode
[   18.594898] docker0: port 1(veth8772cc2) entered blocking state
[   18.594912] docker0: port 1(veth8772cc2) entered disabled state
[   18.594940] veth8772cc2: entered allmulticast mode
[   18.595178] veth8772cc2: entered promiscuous mode
[   18.618608] eth0: renamed from veth19bedd8
[   18.620867] docker0: port 1(veth8772cc2) entered blocking state
[   18.620882] docker0: port 1(veth8772cc2) entered forwarding state
[   18.684912] eth0: renamed from veth20083b0
[   18.686085] br-69d609171503: port 1(vetha0950a8) entered blocking state
[   18.686103] br-69d609171503: port 1(vetha0950a8) entered forwarding state
[   18.748999] br-69d609171503: port 2(veth74eca42) entered blocking state
[   18.749011] br-69d609171503: port 2(veth74eca42) entered disabled state
[   18.749030] veth74eca42: entered allmulticast mode
[   18.749276] veth74eca42: entered promiscuous mode
[   18.788437] eth1: renamed from vethc89104b
[   18.798030] br-69d609171503: port 2(veth74eca42) entered blocking state
[   18.798045] br-69d609171503: port 2(veth74eca42) entered forwarding state
[   19.425174] Invalid ELF header magic: != \x7fELF
[   19.427963] Invalid ELF header magic: != \x7fELF
[   19.479285] systemd-journald[97]: Received client request to flush runtime journal.
[   25.576734] Bluetooth: RFCOMM TTY layer initialized
[   25.576753] Bluetooth: RFCOMM socket layer initialized
[   25.576763] Bluetooth: RFCOMM ver 1.11
[   26.408648] nvme nvme0: using unchecked data buffer
[   26.425160] block nvme0n1: No UUID available providing old NGUID
[  124.768029] warning: `Socket Thread' uses wireless extensions which will stop working for Wi-Fi 7 hardware; use nl80211
[  332.952994] EXT4-fs (nvme0n1p7): error count since last fsck: 6080
[  332.953051] EXT4-fs (nvme0n1p7): initial error at time 1659613374: ext4_lookup:1706: inode 3673377
[  332.953083] EXT4-fs (nvme0n1p7): last error at time 1774291459: __ext4_find_entry:1624: inode 7061520
[ 5046.739758] overlayfs: lowerdir is in-use as upperdir/workdir of another mount, accessing files from both mounts will result in undefined behavior.
[ 5129.499279] br-ff11fd526e24: port 1(vethd272ce8) entered blocking state
[ 5129.499367] br-ff11fd526e24: port 1(vethd272ce8) entered disabled state
[ 5129.499398] vethd272ce8: entered allmulticast mode
[ 5129.499719] vethd272ce8: entered promiscuous mode
[ 5129.544855] eth0: renamed from veth2ad2d8b
[ 5129.545987] br-ff11fd526e24: port 1(vethd272ce8) entered blocking state
[ 5129.546004] br-ff11fd526e24: port 1(vethd272ce8) entered forwarding state
[ 5129.795723] br-ff11fd526e24: port 2(veth526d523) entered blocking state
[ 5129.795880] br-ff11fd526e24: port 2(veth526d523) entered disabled state
[ 5129.795951] veth526d523: entered allmulticast mode
[ 5129.796364] veth526d523: entered promiscuous mode
[ 5129.814790] br-ff11fd526e24: port 3(veth2ee38a3) entered blocking state
[ 5129.815153] br-ff11fd526e24: port 3(veth2ee38a3) entered disabled state
[ 5129.815202] veth2ee38a3: entered allmulticast mode
[ 5129.815653] veth2ee38a3: entered promiscuous mode
[ 5129.848190] eth0: renamed from veth3ec9ba8
[ 5129.850141] br-ff11fd526e24: port 2(veth526d523) entered blocking state
[ 5129.850167] br-ff11fd526e24: port 2(veth526d523) entered forwarding state
[ 5129.872397] eth0: renamed from vethda6f22f
[ 5129.874386] br-ff11fd526e24: port 3(veth2ee38a3) entered blocking state
[ 5129.874404] br-ff11fd526e24: port 3(veth2ee38a3) entered forwarding state
[ 5130.059625] /proc/cgroups lists only v1 controllers, use cgroup.controllers of root cgroup for v2 info
[ 5130.119612] br-ff11fd526e24: port 2(veth526d523) entered disabled state
[ 5130.119893] veth3ec9ba8: renamed from eth0
[ 5130.149653] br-ff11fd526e24: port 2(veth526d523) entered disabled state
[ 5130.151384] veth526d523 (unregistering): left allmulticast mode
[ 5130.151398] veth526d523 (unregistering): left promiscuous mode
[ 5130.151411] br-ff11fd526e24: port 2(veth526d523) entered disabled state
[ 5233.931314] br-ff11fd526e24: port 3(veth2ee38a3) entered disabled state
[ 5233.931712] vethda6f22f: renamed from eth0
[ 5233.962151] br-ff11fd526e24: port 3(veth2ee38a3) entered disabled state
[ 5233.963758] veth2ee38a3 (unregistering): left allmulticast mode
[ 5233.963774] veth2ee38a3 (unregistering): left promiscuous mode
[ 5233.963787] br-ff11fd526e24: port 3(veth2ee38a3) entered disabled state
[ 5235.086865] br-ff11fd526e24: port 1(vethd272ce8) entered disabled state
[ 5235.087129] veth2ad2d8b: renamed from eth0
[ 5235.126816] br-ff11fd526e24: port 1(vethd272ce8) entered disabled state
[ 5235.127626] vethd272ce8 (unregistering): left allmulticast mode
[ 5235.127640] vethd272ce8 (unregistering): left promiscuous mode
[ 5235.127652] br-ff11fd526e24: port 1(vethd272ce8) entered disabled state
[ 5237.520982] br-ff11fd526e24: port 1(veth346cf10) entered blocking state
[ 5237.521138] br-ff11fd526e24: port 1(veth346cf10) entered disabled state
[ 5237.521169] veth346cf10: entered allmulticast mode
[ 5237.521592] veth346cf10: entered promiscuous mode
[ 5237.559363] eth0: renamed from vethe1bb3b7
[ 5237.560637] br-ff11fd526e24: port 1(veth346cf10) entered blocking state
[ 5237.560651] br-ff11fd526e24: port 1(veth346cf10) entered forwarding state
[ 5237.793176] br-ff11fd526e24: port 2(veth1e1825c) entered blocking state
[ 5237.793195] br-ff11fd526e24: port 2(veth1e1825c) entered disabled state
[ 5237.793255] veth1e1825c: entered allmulticast mode
[ 5237.794265] veth1e1825c: entered promiscuous mode
[ 5237.809345] br-ff11fd526e24: port 3(veth039da1e) entered blocking state
[ 5237.809380] br-ff11fd526e24: port 3(veth039da1e) entered disabled state
[ 5237.809421] veth039da1e: entered allmulticast mode
[ 5237.810261] veth039da1e: entered promiscuous mode
[ 5237.840699] eth0: renamed from veth1356b25
[ 5237.842205] br-ff11fd526e24: port 2(veth1e1825c) entered blocking state
[ 5237.842222] br-ff11fd526e24: port 2(veth1e1825c) entered forwarding state
[ 5237.859992] eth0: renamed from vethf7c4b37
[ 5237.861661] br-ff11fd526e24: port 3(veth039da1e) entered blocking state
[ 5237.861677] br-ff11fd526e24: port 3(veth039da1e) entered forwarding state
